Microchip MPLAB XC8 Compiler V2.00 ()

Linker command line:

-W-3 --edf=C:\Program Files (x86)\Microchip\xc8\v2.00\pic\dat\en_msgs.txt \
  -cs \
  -h+dist/default/production\pic16f_IR_remote_control_interrupts_NVRAM.X.production.sym \
  --cmf=dist/default/production\pic16f_IR_remote_control_interrupts_NVRAM.X.production.cmf \
  -z -Q16F876A -oC:\Users\daniele\AppData\Local\Temp\sfl8.2 \
  --defsym=__MPLAB_BUILD=1 \
  -Mdist/default/production/pic16f_IR_remote_control_interrupts_NVRAM.X.production.map \
  -E1 -ver=XC8 --acfsm=1493 -ASTACK=0110h-016fh -pstack=STACK \
  -ACODE=00h-07FFhx4 -ASTRCODE=00h-01FFFh -ASTRING=00h-0FFhx32 \
  -ACONST=00h-0FFhx32 -AENTRY=00h-0FFhx32 -ACOMMON=070h-07Fh \
  -ABANK0=020h-06Fh -ABANK1=0A0h-0EFh -ABANK2=0110h-016Fh \
  -ABANK3=0190h-01EFh -ARAM=020h-06Fh,0A0h-0EFh,0110h-016Fh,0190h-01EFh \
  -AABS1=020h-07Fh,0A0h-0EFh,0110h-016Fh,0190h-01EFh -ASFR0=00h-01Fh \
  -ASFR1=080h-09Fh -ASFR2=0100h-010Fh -ASFR3=0180h-018Fh \
  -preset_vec=00h,intentry=04h,init,end_init -ppowerup=CODE -pcinit=CODE \
  -pfunctab=ENTRY -ACONFIG=02007h-02007h -pconfig=CONFIG -DCONFIG=2 \
  -AIDLOC=02000h-02003h -pidloc=IDLOC -DIDLOC=2 -AEEDATA=00h-0FFh/02100h \
  -peeprom_data=EEDATA -DEEDATA=2 -DCODE=2 -DSTRCODE=2 -DSTRING=2 -DCONST=2 \
  -DENTRY=2 -k C:\Users\daniele\AppData\Local\Temp\sfl8.o \
  dist/default/production\pic16f_IR_remote_control_interrupts_NVRAM.X.production.o 

Object code version is 3.11

Machine type is 16F876A



                Name                               Link     Load   Length Selector   Space Scale
C:\Users\daniele\AppData\Local\Temp\sfl8.o
                end_init                             10       10        3        8       0
                reset_vec                             0        0        3        0       0
                config                             2007     2007        1     400E       0
dist/default/production\pic16f_IR_remote_control_interrupts_NVRAM.X.production.o
                cinit                                13       13       13        8       0
                intentry                              4        4        C        8       0
                text16                              D90      D90       9C     1B20       0
                text15                              E2C      E2C       9C     1C58       0
                text14                              597      597      124        8       0
                text13                              EC8      EC8       9C     1D90       0
                text12                              F64      F64       9C     1EC8       0
                text11                              C1F      C1F       36     183E       0
                text10                              BC8      BC8       23     1790       0
                text9                               BB8      BB8       10     1770       0
                text8                               C9B      C9B       71     1936       0
                text7                               6BB      6BB       3E        8       0
                text6                               BEB      BEB       34     17D6       0
                text5                               BA0      BA0        C     1740       0
                text4                               3E6      3E6      1B1        8       0
                text3                               BAC      BAC        C     1758       0
                text2                               D0C      D0C       84     1A18       0
                text1                               C55      C55       46     18AA       0
                maintext                             26       26      3C0        8       0
                cstackBANK0                          20       20       35       20       1
                cstackCOMMON                         70       70        E       70       1
                clrtext                             B98      B98        8     1730       0
                bssBANK1                             A0       A0        A       A0       1
                bssBANK0                             55       55       13       20       1
                stringtext                          700      700      121        E       0

TOTAL           Name                               Link     Load   Length     Space
        CLASS   STACK          

        CLASS   CODE           
                end_init                             10       10        3         0
                cinit                                13       13       13         0
                intentry                              4        4        C         0
                reset_vec                             0        0        3         0
                text16                              D90      D90       9C         0
                text15                              E2C      E2C       9C         0
                text14                              597      597      124         0
                text13                              EC8      EC8       9C         0
                text12                              F64      F64       9C         0
                text11                              C1F      C1F       36         0
                text10                              BC8      BC8       23         0
                text9                               BB8      BB8       10         0
                text8                               C9B      C9B       71         0
                text7                               6BB      6BB       3E         0
                text6                               BEB      BEB       34         0
                text5                               BA0      BA0        C         0
                text4                               3E6      3E6      1B1         0
                text3                               BAC      BAC        C         0
                text2                               D0C      D0C       84         0
                text1                               C55      C55       46         0
                maintext                             26       26      3C0         0
                clrtext                             B98      B98        8         0

        CLASS   STRCODE        
                stringtext                          700      700      121         0

        CLASS   STRING         

        CLASS   CONST          

        CLASS   ENTRY          

        CLASS   COMMON         
                cstackCOMMON                         70       70        E         1

        CLASS   BANK0          
                cstackBANK0                          20       20       35         1
                bssBANK0                             55       55       13         1

        CLASS   BANK1          
                bssBANK1                             A0       A0        A         1

        CLASS   BANK2          

        CLASS   BANK3          

        CLASS   RAM            

        CLASS   ABS1           
                abs_s1                               7E       7E        2         1

        CLASS   SFR0           

        CLASS   SFR1           

        CLASS   SFR2           

        CLASS   SFR3           

        CLASS   CONFIG         
                config                             2007     2007        1         0

        CLASS   IDLOC          

        CLASS   EEDATA         



SEGMENTS        Name                           Load    Length   Top    Selector   Space  Class     Delta

                reset_vec                      000000  000003  000003         0       0  CODE        2
                intentry                       000004  0006F5  0006F9         8       0  CODE        2
                cstackBANK0                    000020  000048  000068        20       1  BANK0       1
                cstackCOMMON                   000070  00000E  00007E        70       1  COMMON      1
                bssBANK1                       0000A0  00000A  0000AA        A0       1  BANK1       1
                stringtext                     000700  000121  000821         E       0  STRCODE     2
                clrtext                        000B98  000008  000BA0      1730       0  CODE        2
                text5                          000BA0  00000C  000BAC      1740       0  CODE        2
                text3                          000BAC  00000C  000BB8      1758       0  CODE        2
                text9                          000BB8  000010  000BC8      1770       0  CODE        2
                text10                         000BC8  000023  000BEB      1790       0  CODE        2
                text6                          000BEB  000034  000C1F      17D6       0  CODE        2
                text11                         000C1F  000036  000C55      183E       0  CODE        2
                text1                          000C55  000046  000C9B      18AA       0  CODE        2
                text8                          000C9B  000071  000D0C      1936       0  CODE        2
                text2                          000D0C  000084  000D90      1A18       0  CODE        2
                text16                         000D90  00009C  000E2C      1B20       0  CODE        2
                text15                         000E2C  00009C  000EC8      1C58       0  CODE        2
                text13                         000EC8  00009C  000F64      1D90       0  CODE        2
                text12                         000F64  00009C  001000      1EC8       0  CODE        2
                config                         002007  000001  002008      400E       0  CONFIG      2


UNUSED ADDRESS RANGES

        Name                Unused          Largest block    Delta
        BANK0            0068-006F              8           1
        BANK1            00AA-00EF             46           1
        BANK2            0110-016F             60           1
        BANK3            0190-01EF             60           1
        CODE             0003-0003              1           2
                         06F9-06FF              7
                         0821-0B97            377
                         1000-1FFF            800
        CONST            0003-0003              1           2
                         06F9-06FF              7
                         0821-0B97            100
                         1000-1FFF            100
        EEDATA           2100-21FF            100           2
        ENTRY            0003-0003              1           2
                         06F9-06FF              7
                         0821-0B97            100
                         1000-1FFF            100
        IDLOC            2000-2003              4           2
        RAM              0068-006F              8           1
                         00AA-00EF             46
                         0110-016F             60
                         0190-01EF             60
        SFR0             0000-001F             20           1
        SFR1             0080-009F             20           1
        SFR2             0100-010F             10           1
        SFR3             0180-018F             10           1
        STACK            0110-016F             60           1
        STRCODE          0003-0003              1           2
                         06F9-06FF              7
                         0821-0B97            377
                         1000-1FFF           1000
        STRING           0003-0003              1           2
                         06F9-06FF              7
                         0821-0B97            100
                         1000-1FFF            100

                                  Symbol Table

?___lwdiv                                cstackBANK0  0027
?___lwmod                                cstackBANK0  002F
?___wmul                                 cstackBANK0  0027
?_atoi                                   cstackBANK0  002D
?_printf                                 cstackBANK0  0035
RAM_sequential_SPI_read@address          cstackBANK0  002A
RAM_sequential_SPI_read@data_in          cstackBANK0  002D
RAM_sequential_SPI_read@data_in_size     cstackBANK0  002F
RAM_sequential_SPI_read@dummy            cstackBANK0  0033
RAM_sequential_SPI_read@i                cstackBANK0  0034
RAM_sequential_SPI_read@latch            cstackBANK0  0027
RAM_sequential_SPI_read@pin_number       cstackBANK0  0029
RAM_sequential_SPI_write@address         cstackBANK0  002A
RAM_sequential_SPI_write@data_out        cstackBANK0  002D
RAM_sequential_SPI_write@data_out_size   cstackBANK0  002F
RAM_sequential_SPI_write@dummy           cstackBANK0  0033
RAM_sequential_SPI_write@i               cstackBANK0  0034
RAM_sequential_SPI_write@latch           cstackBANK0  0027
RAM_sequential_SPI_write@pin_number      cstackBANK0  0029
RAM_set_SPI_mode@dummy                   cstackBANK0  002C
RAM_set_SPI_mode@latch                   cstackBANK0  0027
RAM_set_SPI_mode@pin_number              cstackBANK0  0029
_ADCON1bits                              (abs)        009F
_INTCONbits                              (abs)        000B
_ISR                                     text14       0597
_PIE1bits                                (abs)        008C
_PIR1bits                                (abs)        000C
_PORTA                                   (abs)        0005
_PORTAbits                               (abs)        0005
_PORTBbits                               (abs)        0006
_PORTC                                   (abs)        0007
_PORTCbits                               (abs)        0007
_RAM_sequential_SPI_read                 text13       0EC8
_RAM_sequential_SPI_write                text12       0F64
_RAM_set_SPI_mode                        text11       0C1F
_RCREG                                   (abs)        001A
_RCSTAbits                               (abs)        0018
_SPBRG                                   (abs)        0099
_SSPBUF                                  (abs)        0013
_SSPCONbits                              (abs)        0014
_SSPSTATbits                             (abs)        0094
_T1CONbits                               (abs)        0010
_TMR1                                    (abs)        000E
_TRISA                                   (abs)        0085
_TRISB                                   (abs)        0086
_TRISC                                   (abs)        0087
_TRISCbits                               (abs)        0087
_TXREG                                   (abs)        0019
_TXSTAbits                               (abs)        0098
__CFG_BOREN$OFF                          (abs)        0000
__CFG_CP$OFF                             (abs)        0000
__CFG_CPD$OFF                            (abs)        0000
__CFG_FOSC$HS                            (abs)        0000
__CFG_LVP$OFF                            (abs)        0000
__CFG_PWRTE$ON                           (abs)        0000
__CFG_WDTE$OFF                           (abs)        0000
__CFG_WRT$OFF                            (abs)        0000
__Habs1                                  abs1         0000
__Hbank0                                 bank0        0000
__Hbank1                                 bank1        0000
__Hbank2                                 bank2        0000
__Hbank3                                 bank3        0000
__HbssBANK0                              bssBANK0     0000
__HbssBANK1                              bssBANK1     0000
__Hcinit                                 cinit        0026
__Hclrtext                               clrtext      0000
__Hcode                                  code         0000
__Hcommon                                common       0000
__Hconfig                                config       2008
__HcstackBANK0                           cstackBANK0  0000
__HcstackCOMMON                          cstackCOMMON 0000
__Heeprom_data                           eeprom_data  0000
__Hend_init                              end_init     0013
__Hfunctab                               functab      0000
__Hidloc                                 idloc        0000
__Hinit                                  init         0010
__Hintentry                              intentry     0010
__Hmaintext                              maintext     0000
__Hpowerup                               powerup      0000
__Hram                                   ram          0000
__Hreset_vec                             reset_vec    0003
__Hsfr0                                  sfr0         0000
__Hsfr1                                  sfr1         0000
__Hsfr2                                  sfr2         0000
__Hsfr3                                  sfr3         0000
__Hspace_0                               (abs)        2008
__Hspace_1                               (abs)        00AA
__Hspace_2                               (abs)        0000
__Hspace_3                               (abs)        0000
__Hstack                                 stack        0000
__Hstrings                               strings      0000
__Hstringtext                            stringtext   0000
__Htext                                  text         0000
__Labs1                                  abs1         0000
__Lbank0                                 bank0        0000
__Lbank1                                 bank1        0000
__Lbank2                                 bank2        0000
__Lbank3                                 bank3        0000
__LbssBANK0                              bssBANK0     0000
__LbssBANK1                              bssBANK1     0000
__Lcinit                                 cinit        0013
__Lclrtext                               clrtext      0000
__Lcode                                  code         0000
__Lcommon                                common       0000
__Lconfig                                config       2007
__LcstackBANK0                           cstackBANK0  0000
__LcstackCOMMON                          cstackCOMMON 0000
__Leeprom_data                           eeprom_data  0000
__Lend_init                              end_init     0010
__Lfunctab                               functab      0000
__Lidloc                                 idloc        0000
__Linit                                  init         0010
__Lintentry                              intentry     0004
__Lmaintext                              maintext     0000
__Lpowerup                               powerup      0000
__Lram                                   ram          0000
__Lreset_vec                             reset_vec    0000
__Lsfr0                                  sfr0         0000
__Lsfr1                                  sfr1         0000
__Lsfr2                                  sfr2         0000
__Lsfr3                                  sfr3         0000
__Lspace_0                               (abs)        0000
__Lspace_1                               (abs)        0000
__Lspace_2                               (abs)        0000
__Lspace_3                               (abs)        0000
__Lstack                                 stack        0000
__Lstrings                               strings      0000
__Lstringtext                            stringtext   0000
__Ltext                                  text         0000
__S0                                     (abs)        2008
__S1                                     (abs)        00AA
__S2                                     (abs)        0000
__S3                                     (abs)        0000
___int_sp                                stack        0000
___latbits                               (abs)        0002
___lwdiv                                 text7        06BB
___lwdiv@counter                         cstackBANK0  002E
___lwdiv@dividend                        cstackBANK0  0029
___lwdiv@divisor                         cstackBANK0  0027
___lwdiv@quotient                        cstackBANK0  002C
___lwmod                                 text6        0BEB
___lwmod@counter                         cstackBANK0  0034
___lwmod@dividend                        cstackBANK0  0031
___lwmod@divisor                         cstackBANK0  002F
___sp                                    stack        0000
___wmul                                  text10       0BC8
___wmul@multiplicand                     cstackBANK0  0029
___wmul@multiplier                       cstackBANK0  0027
___wmul@product                          cstackBANK0  002B
__end_of_ISR                             text14       06BB
__end_of_RAM_sequential_SPI_read         text13       0F64
__end_of_RAM_sequential_SPI_write        text12       1000
__end_of_RAM_set_SPI_mode                text11       0C55
__end_of___lwdiv                         text7        06F9
__end_of___lwmod                         text6        0C1F
__end_of___wmul                          text10       0BEB
__end_of__initialization                 cinit        0022
__end_of__stringtab                      stringtext   0712
__end_of_atoi                            text8        0D0C
__end_of_dpowers                         stringtext   071C
__end_of_isdigit                         text9        0BC8
__end_of_main                            maintext     03E6
__end_of_printf                          text4        0597
__end_of_putch                           text5        0BAC
__end_of_read_char                       text3        0BB8
__end_of_read_line                       text2        0D90
__end_of_setup_peripheals                text1        0C9B
__end_ofi1_RAM_sequential_SPI_read       text16       0E2C
__end_ofi1_RAM_sequential_SPI_write      text15       0EC8
__initialization                         cinit        0013
__pbssBANK0                              bssBANK0     0055
__pbssBANK1                              bssBANK1     00A0
__pcstackBANK0                           cstackBANK0  0020
__pcstackCOMMON                          cstackCOMMON 0070
__pintentry                              intentry     0004
__pmaintext                              maintext     0026
__pstringtext                            stringtext   0700
__ptext1                                 text1        0C55
__ptext10                                text10       0BC8
__ptext11                                text11       0C1F
__ptext12                                text12       0F64
__ptext13                                text13       0EC8
__ptext14                                text14       0597
__ptext15                                text15       0E2C
__ptext16                                text16       0D90
__ptext2                                 text2        0D0C
__ptext3                                 text3        0BAC
__ptext4                                 text4        03E6
__ptext5                                 text5        0BA0
__ptext6                                 text6        0BEB
__ptext7                                 text7        06BB
__ptext8                                 text8        0C9B
__ptext9                                 text9        0BB8
__size_of_ISR                            (abs)        0000
__size_of_RAM_sequential_SPI_read        (abs)        0000
__size_of_RAM_sequential_SPI_write       (abs)        0000
__size_of_RAM_set_SPI_mode               (abs)        0000
__size_of___lwdiv                        (abs)        0000
__size_of___lwmod                        (abs)        0000
__size_of___wmul                         (abs)        0000
__size_of_atoi                           (abs)        0000
__size_of_isdigit                        (abs)        0000
__size_of_main                           (abs)        0000
__size_of_printf                         (abs)        0000
__size_of_putch                          (abs)        0000
__size_of_read_char                      (abs)        0000
__size_of_read_line                      (abs)        0000
__size_of_setup_peripheals               (abs)        0000
__size_ofi1_RAM_sequential_SPI_read      (abs)        0000
__size_ofi1_RAM_sequential_SPI_write     (abs)        0000
__stringbase                             stringtext   0712
__stringtab                              stringtext   0700
_a                                       bssBANK0     005B
_atoi                                    text8        0C9B
_b                                       bssBANK0     0058
_bvalue                                  bssBANK0     0067
_c                                       bssBANK0     0064
_cycles                                  bssBANK0     0055
_dpowers                                 stringtext   0712
_e                                       bssBANK0     005E
_i                                       bssBANK0     0061
_isdigit                                 text9        0BB8
_isdigit$1090                            cstackBANK0  0027
_main                                    maintext     0026
_number                                  bssBANK1     00A0
_printf                                  text4        03E6
_putch                                   text5        0BA0
_read_char                               text3        0BAC
_read_line                               text2        0D0C
_setup_peripheals                        text1        0C55
_tvalue                                  bssBANK0     0065
atoi@a                                   cstackBANK0  0032
atoi@s                                   cstackBANK0  0034
atoi@sign                                cstackBANK0  0031
btemp                                    (abs)        007E
clear_ram0                               clrtext      0B98
end_of_initialization                    cinit        0022
i1RAM_sequential_SPI_read@address        cstackCOMMON 0073
i1RAM_sequential_SPI_read@data_in        cstackCOMMON 0076
i1RAM_sequential_SPI_read@data_in_size   cstackCOMMON 0078
i1RAM_sequential_SPI_read@dummy          cstackCOMMON 007C
i1RAM_sequential_SPI_read@i              cstackCOMMON 007D
i1RAM_sequential_SPI_read@latch          cstackCOMMON 0070
i1RAM_sequential_SPI_read@pin_number     cstackCOMMON 0072
i1RAM_sequential_SPI_write@address       cstackCOMMON 0073
i1RAM_sequential_SPI_write@data_out      cstackCOMMON 0076
i1RAM_sequential_SPI_write@data_out_size cstackCOMMON 0078
i1RAM_sequential_SPI_write@dummy         cstackCOMMON 007C
i1RAM_sequential_SPI_write@i             cstackCOMMON 007D
i1RAM_sequential_SPI_write@latch         cstackCOMMON 0070
i1RAM_sequential_SPI_write@pin_number    cstackCOMMON 0072
i1_RAM_sequential_SPI_read               text16       0D90
i1_RAM_sequential_SPI_write              text15       0E2C
interrupt_function                       intentry     0004
intlevel0                                functab      0000
intlevel1                                functab      0000
intlevel2                                functab      0000
intlevel3                                functab      0000
intlevel4                                functab      0000
intlevel5                                functab      0000
isdigit@c                                cstackBANK0  0028
printf@ap                                cstackBANK0  0046
printf@c                                 cstackBANK0  004B
printf@cp                                cstackBANK0  0042
printf@f                                 cstackBANK0  0035
printf@flag                              cstackBANK0  0041
printf@len                               cstackBANK0  0047
printf@prec                              cstackBANK0  0045
printf@val                               cstackBANK0  0043
printf@width                             cstackBANK0  0049
putch@c                                  cstackBANK0  0027
read_line@c                              cstackBANK0  002F
read_line@i                              cstackBANK0  002D
read_line@max_len                        cstackBANK0  0028
read_line@s                              cstackBANK0  002C
reset_vec                                reset_vec    0000
saved_w                                  (abs)        007E
stackhi                                  (abs)        0000
stacklo                                  (abs)        0000
start                                    init         0010
start_initialization                     cinit        0013
wtemp0                                   (abs)        007E


FUNCTION INFORMATION:

 *************** function _main *****************
 Defined at:
		line 33 in file "main.c"
 Parameters:    Size  Location     Type
		None
 Auto vars:     Size  Location     Type
		None
 Return value:  Size  Location     Type
                  1    wreg      void 
 Registers used:
		wreg, fsr0l, fsr0h, status,2, status,0, btemp+1, pclath, cstack
 Tracked objects:
		On entry : 
		On exit  : 
		Unchanged: 
 Data sizes:     COMMON   BANK0   BANK1   BANK3   BANK2
      Params:         0       0       0       0       0
      Locals:         0       0       0       0       0
      Temps:          0       9       0       0       0
      Totals:         0       9       0       0       0
Total ram usage:        9 bytes
 Hardware stack levels required when called:    4
 This function calls:
		_RAM_sequential_SPI_read
		_RAM_sequential_SPI_write
		_RAM_set_SPI_mode
		_atoi
		_printf
		_read_char
		_read_line
		_setup_peripheals
 This function is called by:
		Startup code after reset
 This function uses a non-reentrant model


 *************** function _setup_peripheals *****************
 Defined at:
		line 112 in file "main.c"
 Parameters:    Size  Location     Type
		None
 Auto vars:     Size  Location     Type
		None
 Return value:  Size  Location     Type
                  1    wreg      void 
 Registers used:
		wreg, status,2, status,0
 Tracked objects:
		On entry : 
		On exit  : 
		Unchanged: 
 Data sizes:     COMMON   BANK0   BANK1   BANK3   BANK2
      Params:         0       0       0       0       0
      Locals:         0       0       0       0       0
      Temps:          0       0       0       0       0
      Totals:         0       0       0       0       0
Total ram usage:        0 bytes
 Hardware stack levels used:    1
 Hardware stack levels required when called:    2
 This function calls:
		Nothing
 This function is called by:
		_main
 This function uses a non-reentrant model


 *************** function _read_line *****************
 Defined at:
		line 185 in file "main.c"
 Parameters:    Size  Location     Type
  s               1    wreg     PTR unsigned char 
		 -> number(10), 
  max_len         2    8[BANK0 ] int 
 Auto vars:     Size  Location     Type
  s               1   12[BANK0 ] PTR unsigned char 
		 -> number(10), 
  c               1   15[BANK0 ] unsigned char 
  i               2   13[BANK0 ] int 
 Return value:  Size  Location     Type
                  1    wreg      void 
 Registers used:
		wreg, fsr0l, fsr0h, status,2, status,0, btemp+1, pclath, cstack
 Tracked objects:
		On entry : 
		On exit  : 
		Unchanged: 
 Data sizes:     COMMON   BANK0   BANK1   BANK3   BANK2
      Params:         0       2       0       0       0
      Locals:         0       4       0       0       0
      Temps:          0       2       0       0       0
      Totals:         0       8       0       0       0
Total ram usage:        8 bytes
 Hardware stack levels used:    1
 Hardware stack levels required when called:    3
 This function calls:
		_putch
		_read_char
 This function is called by:
		_main
 This function uses a non-reentrant model


 *************** function _read_char *****************
 Defined at:
		line 174 in file "main.c"
 Parameters:    Size  Location     Type
		None
 Auto vars:     Size  Location     Type
		None
 Return value:  Size  Location     Type
                  1    wreg      unsigned char 
 Registers used:
		wreg
 Tracked objects:
		On entry : 
		On exit  : 
		Unchanged: 
 Data sizes:     COMMON   BANK0   BANK1   BANK3   BANK2
      Params:         0       0       0       0       0
      Locals:         0       0       0       0       0
      Temps:          0       0       0       0       0
      Totals:         0       0       0       0       0
Total ram usage:        0 bytes
 Hardware stack levels used:    1
 Hardware stack levels required when called:    2
 This function calls:
		Nothing
 This function is called by:
		_main
		_read_line
 This function uses a non-reentrant model


 *************** function _printf *****************
 Defined at:
		line 472 in file "C:\Program Files (x86)\Microchip\xc8\v2.00\pic\sources\c90\common\doprnt.c"
 Parameters:    Size  Location     Type
  f               2   21[BANK0 ] PTR const unsigned char 
		 -> STR_15(35), STR_14(24), STR_13(18), STR_12(47), 
		 -> STR_11(9), STR_10(16), STR_9(7), STR_8(9), 
		 -> STR_7(25), STR_6(9), STR_5(16), STR_4(17), 
		 -> STR_3(5), STR_2(41), STR_1(8), 
 Auto vars:     Size  Location     Type
  tmpval          4    0        struct .
  width           2   41[BANK0 ] int 
  len             2   39[BANK0 ] unsigned int 
  val             2   35[BANK0 ] unsigned int 
  c               1   43[BANK0 ] unsigned char 
  ap              1   38[BANK0 ] PTR void [1]
		 -> ?_printf(2), 
  prec            1   37[BANK0 ] char 
  cp              1   34[BANK0 ] PTR const unsigned char 
		 -> printf@c(1), 
  flag            1   33[BANK0 ] unsigned char 
 Return value:  Size  Location     Type
                  2   21[BANK0 ] int 
 Registers used:
		wreg, fsr0l, fsr0h, status,2, status,0, btemp+1, pclath, cstack
 Tracked objects:
		On entry : 
		On exit  : 
		Unchanged: 
 Data sizes:     COMMON   BANK0   BANK1   BANK3   BANK2
      Params:         0       8       0       0       0
      Locals:         0      11       0       0       0
      Temps:          0       4       0       0       0
      Totals:         0      23       0       0       0
Total ram usage:       23 bytes
 Hardware stack levels used:    1
 Hardware stack levels required when called:    3
 This function calls:
		___lwdiv
		___lwmod
		___wmul
		_isdigit
		_putch
 This function is called by:
		_main
 This function uses a non-reentrant model


 *************** function _putch *****************
 Defined at:
		line 167 in file "main.c"
 Parameters:    Size  Location     Type
  c               1    wreg     unsigned char 
 Auto vars:     Size  Location     Type
  c               1    7[BANK0 ] unsigned char 
 Return value:  Size  Location     Type
                  1    wreg      void 
 Registers used:
		wreg
 Tracked objects:
		On entry : 
		On exit  : 
		Unchanged: 
 Data sizes:     COMMON   BANK0   BANK1   BANK3   BANK2
      Params:         0       0       0       0       0
      Locals:         0       1       0       0       0
      Temps:          0       0       0       0       0
      Totals:         0       1       0       0       0
Total ram usage:        1 bytes
 Hardware stack levels used:    1
 Hardware stack levels required when called:    2
 This function calls:
		Nothing
 This function is called by:
		_read_line
		_printf
 This function uses a non-reentrant model


 *************** function ___lwmod *****************
 Defined at:
		line 5 in file "C:\Program Files (x86)\Microchip\xc8\v2.00\pic\sources\c90\common\lwmod.c"
 Parameters:    Size  Location     Type
  divisor         2   15[BANK0 ] unsigned int 
  dividend        2   17[BANK0 ] unsigned int 
 Auto vars:     Size  Location     Type
  counter         1   20[BANK0 ] unsigned char 
 Return value:  Size  Location     Type
                  2   15[BANK0 ] unsigned int 
 Registers used:
		wreg, status,2, status,0
 Tracked objects:
		On entry : 
		On exit  : 
		Unchanged: 
 Data sizes:     COMMON   BANK0   BANK1   BANK3   BANK2
      Params:         0       4       0       0       0
      Locals:         0       1       0       0       0
      Temps:          0       1       0       0       0
      Totals:         0       6       0       0       0
Total ram usage:        6 bytes
 Hardware stack levels used:    1
 Hardware stack levels required when called:    2
 This function calls:
		Nothing
 This function is called by:
		_printf
 This function uses a non-reentrant model


 *************** function ___lwdiv *****************
 Defined at:
		line 5 in file "C:\Program Files (x86)\Microchip\xc8\v2.00\pic\sources\c90\common\lwdiv.c"
 Parameters:    Size  Location     Type
  divisor         2    7[BANK0 ] unsigned int 
  dividend        2    9[BANK0 ] unsigned int 
 Auto vars:     Size  Location     Type
  quotient        2   12[BANK0 ] unsigned int 
  counter         1   14[BANK0 ] unsigned char 
 Return value:  Size  Location     Type
                  2    7[BANK0 ] unsigned int 
 Registers used:
		wreg, status,2, status,0
 Tracked objects:
		On entry : 
		On exit  : 
		Unchanged: 
 Data sizes:     COMMON   BANK0   BANK1   BANK3   BANK2
      Params:         0       4       0       0       0
      Locals:         0       3       0       0       0
      Temps:          0       1       0       0       0
      Totals:         0       8       0       0       0
Total ram usage:        8 bytes
 Hardware stack levels used:    1
 Hardware stack levels required when called:    2
 This function calls:
		Nothing
 This function is called by:
		_printf
 This function uses a non-reentrant model


 *************** function _atoi *****************
 Defined at:
		line 5 in file "C:\Program Files (x86)\Microchip\xc8\v2.00\pic\sources\c90\common\atoi.c"
 Parameters:    Size  Location     Type
  s               1    wreg     PTR const unsigned char 
		 -> number(10), 
 Auto vars:     Size  Location     Type
  s               1   20[BANK0 ] PTR const unsigned char 
		 -> number(10), 
  a               2   18[BANK0 ] int 
  sign            1   17[BANK0 ] unsigned char 
 Return value:  Size  Location     Type
                  2   13[BANK0 ] int 
 Registers used:
		wreg, fsr0l, fsr0h, status,2, status,0, pclath, cstack
 Tracked objects:
		On entry : 
		On exit  : 
		Unchanged: 
 Data sizes:     COMMON   BANK0   BANK1   BANK3   BANK2
      Params:         0       2       0       0       0
      Locals:         0       4       0       0       0
      Temps:          0       2       0       0       0
      Totals:         0       8       0       0       0
Total ram usage:        8 bytes
 Hardware stack levels used:    1
 Hardware stack levels required when called:    3
 This function calls:
		___wmul
		_isdigit
 This function is called by:
		_main
 This function uses a non-reentrant model


 *************** function _isdigit *****************
 Defined at:
		line 8 in file "C:\Program Files (x86)\Microchip\xc8\v2.00\pic\sources\c90\common\isdigit.c"
 Parameters:    Size  Location     Type
  c               1    wreg     unsigned char 
 Auto vars:     Size  Location     Type
  c               1    8[BANK0 ] unsigned char 
 Return value:  Size  Location     Type
		None               void
 Registers used:
		wreg, status,2, status,0
 Tracked objects:
		On entry : 
		On exit  : 
		Unchanged: 
 Data sizes:     COMMON   BANK0   BANK1   BANK3   BANK2
      Params:         0       0       0       0       0
      Locals:         0       2       0       0       0
      Temps:          0       0       0       0       0
      Totals:         0       2       0       0       0
Total ram usage:        2 bytes
 Hardware stack levels used:    1
 Hardware stack levels required when called:    2
 This function calls:
		Nothing
 This function is called by:
		_printf
		_atoi
 This function uses a non-reentrant model


 *************** function ___wmul *****************
 Defined at:
		line 15 in file "C:\Program Files (x86)\Microchip\xc8\v2.00\pic\sources\c90\common\Umul16.c"
 Parameters:    Size  Location     Type
  multiplier      2    7[BANK0 ] unsigned int 
  multiplicand    2    9[BANK0 ] unsigned int 
 Auto vars:     Size  Location     Type
  product         2   11[BANK0 ] unsigned int 
 Return value:  Size  Location     Type
                  2    7[BANK0 ] unsigned int 
 Registers used:
		wreg, status,2, status,0
 Tracked objects:
		On entry : 
		On exit  : 
		Unchanged: 
 Data sizes:     COMMON   BANK0   BANK1   BANK3   BANK2
      Params:         0       4       0       0       0
      Locals:         0       2       0       0       0
      Temps:          0       0       0       0       0
      Totals:         0       6       0       0       0
Total ram usage:        6 bytes
 Hardware stack levels used:    1
 Hardware stack levels required when called:    2
 This function calls:
		Nothing
 This function is called by:
		_printf
		_atoi
 This function uses a non-reentrant model


 *************** function _RAM_set_SPI_mode *****************
 Defined at:
		line 211 in file "main.c"
 Parameters:    Size  Location     Type
  latch           2    7[BANK0 ] PTR volatile unsigned ch
		 -> PORTC(1), 
  pin_number      1    9[BANK0 ] unsigned char 
 Auto vars:     Size  Location     Type
  dummy           1   12[BANK0 ] unsigned char 
 Return value:  Size  Location     Type
                  1    wreg      void 
 Registers used:
		wreg, fsr0l, fsr0h, status,2, status,0
 Tracked objects:
		On entry : 
		On exit  : 
		Unchanged: 
 Data sizes:     COMMON   BANK0   BANK1   BANK3   BANK2
      Params:         0       3       0       0       0
      Locals:         0       1       0       0       0
      Temps:          0       2       0       0       0
      Totals:         0       6       0       0       0
Total ram usage:        6 bytes
 Hardware stack levels used:    1
 Hardware stack levels required when called:    2
 This function calls:
		Nothing
 This function is called by:
		_main
 This function uses a non-reentrant model


 *************** function _RAM_sequential_SPI_write *****************
 Defined at:
		line 222 in file "main.c"
 Parameters:    Size  Location     Type
  latch           2    7[BANK0 ] PTR volatile unsigned ch
		 -> PORTC(1), 
  pin_number      1    9[BANK0 ] unsigned char 
  address         3   10[BANK0 ] unsigned um
  data_out        2   13[BANK0 ] PTR unsigned char 
		 -> TMR1(2), tvalue(2), bvalue(1), 
  data_out_siz    1   15[BANK0 ] unsigned char 
 Auto vars:     Size  Location     Type
  i               1   20[BANK0 ] unsigned char 
  dummy           1   19[BANK0 ] unsigned char 
 Return value:  Size  Location     Type
                  1    wreg      void 
 Registers used:
		wreg, fsr0l, fsr0h, status,2, status,0
 Tracked objects:
		On entry : 
		On exit  : 
		Unchanged: 
 Data sizes:     COMMON   BANK0   BANK1   BANK3   BANK2
      Params:         0       9       0       0       0
      Locals:         0       2       0       0       0
      Temps:          0       3       0       0       0
      Totals:         0      14       0       0       0
Total ram usage:       14 bytes
 Hardware stack levels used:    1
 Hardware stack levels required when called:    2
 This function calls:
		Nothing
 This function is called by:
		_main
 This function uses a non-reentrant model


 *************** function _RAM_sequential_SPI_read *****************
 Defined at:
		line 254 in file "main.c"
 Parameters:    Size  Location     Type
  latch           2    7[BANK0 ] PTR volatile unsigned ch
		 -> PORTC(1), 
  pin_number      1    9[BANK0 ] unsigned char 
  address         3   10[BANK0 ] unsigned um
  data_in         2   13[BANK0 ] PTR unsigned char 
		 -> TMR1(2), tvalue(2), bvalue(1), 
  data_in_size    1   15[BANK0 ] unsigned char 
 Auto vars:     Size  Location     Type
  i               1   20[BANK0 ] unsigned char 
  dummy           1   19[BANK0 ] unsigned char 
 Return value:  Size  Location     Type
                  1    wreg      void 
 Registers used:
		wreg, fsr0l, fsr0h, status,2, status,0
 Tracked objects:
		On entry : 
		On exit  : 
		Unchanged: 
 Data sizes:     COMMON   BANK0   BANK1   BANK3   BANK2
      Params:         0       9       0       0       0
      Locals:         0       2       0       0       0
      Temps:          0       3       0       0       0
      Totals:         0      14       0       0       0
Total ram usage:       14 bytes
 Hardware stack levels used:    1
 Hardware stack levels required when called:    2
 This function calls:
		Nothing
 This function is called by:
		_main
 This function uses a non-reentrant model


 *************** function _ISR *****************
 Defined at:
		line 285 in file "main.c"
 Parameters:    Size  Location     Type
		None
 Auto vars:     Size  Location     Type
		None
 Return value:  Size  Location     Type
                  1    wreg      void 
 Registers used:
		wreg, fsr0l, fsr0h, status,2, status,0, pclath, cstack
 Tracked objects:
		On entry : 
		On exit  : 
		Unchanged: 
 Data sizes:     COMMON   BANK0   BANK1   BANK3   BANK2
      Params:         0       0       0       0       0
      Locals:         0       0       0       0       0
      Temps:          0       7       0       0       0
      Totals:         0       7       0       0       0
Total ram usage:        7 bytes
 Hardware stack levels used:    1
 Hardware stack levels required when called:    1
 This function calls:
		i1_RAM_sequential_SPI_read
		i1_RAM_sequential_SPI_write
 This function is called by:
		Interrupt level 1
 This function uses a non-reentrant model


 *************** function i1_RAM_sequential_SPI_write *****************
 Defined at:
		line 222 in file "main.c"
 Parameters:    Size  Location     Type
  latch           2    0[COMMON] PTR volatile unsigned ch
		 -> PORTC(1), 
  pin_number      1    2[COMMON] unsigned char 
  address         3    3[COMMON] unsigned um
  data_out        2    6[COMMON] PTR unsigned char 
		 -> TMR1(2), tvalue(2), bvalue(1), 
  data_out_siz    1    8[COMMON] unsigned char 
 Auto vars:     Size  Location     Type
  RAM_sequenti    1   13[COMMON] unsigned char 
  RAM_sequenti    1   12[COMMON] unsigned char 
 Return value:  Size  Location     Type
                  1    wreg      void 
 Registers used:
		wreg, fsr0l, fsr0h, status,2, status,0
 Tracked objects:
		On entry : 
		On exit  : 
		Unchanged: 
 Data sizes:     COMMON   BANK0   BANK1   BANK3   BANK2
      Params:         9       0       0       0       0
      Locals:         2       0       0       0       0
      Temps:          3       0       0       0       0
      Totals:        14       0       0       0       0
Total ram usage:       14 bytes
 Hardware stack levels used:    1
 This function calls:
		Nothing
 This function is called by:
		_ISR
 This function uses a non-reentrant model


 *************** function i1_RAM_sequential_SPI_read *****************
 Defined at:
		line 254 in file "main.c"
 Parameters:    Size  Location     Type
  latch           2    0[COMMON] PTR volatile unsigned ch
		 -> PORTC(1), 
  pin_number      1    2[COMMON] unsigned char 
  address         3    3[COMMON] unsigned um
  data_in         2    6[COMMON] PTR unsigned char 
		 -> TMR1(2), tvalue(2), bvalue(1), 
  data_in_size    1    8[COMMON] unsigned char 
 Auto vars:     Size  Location     Type
  RAM_sequenti    1   13[COMMON] unsigned char 
  RAM_sequenti    1   12[COMMON] unsigned char 
 Return value:  Size  Location     Type
                  1    wreg      void 
 Registers used:
		wreg, fsr0l, fsr0h, status,2, status,0
 Tracked objects:
		On entry : 
		On exit  : 
		Unchanged: 
 Data sizes:     COMMON   BANK0   BANK1   BANK3   BANK2
      Params:         9       0       0       0       0
      Locals:         2       0       0       0       0
      Temps:          3       0       0       0       0
      Totals:        14       0       0       0       0
Total ram usage:       14 bytes
 Hardware stack levels used:    1
 This function calls:
		Nothing
 This function is called by:
		_ISR
 This function uses a non-reentrant model



MODULE INFORMATION

Module		Function		Class		Link	Load	Size
C:\Program Files (x86)\Microchip\xc8\v2.00\pic\sources\c90\common\atoi.c
		_atoi          		CODE           	0C9B	0000	114

C:\Program Files (x86)\Microchip\xc8\v2.00\pic\sources\c90\common\atoi.c estimated size: 114

C:\Program Files (x86)\Microchip\xc8\v2.00\pic\sources\c90\common\lwmod.c
		___lwmod       		CODE           	0BEB	0000	53

C:\Program Files (x86)\Microchip\xc8\v2.00\pic\sources\c90\common\lwmod.c estimated size: 53

C:\Program Files (x86)\Microchip\xc8\v2.00\pic\sources\c90\common\doprnt.c
		_printf        		CODE           	03E6	0000	434

C:\Program Files (x86)\Microchip\xc8\v2.00\pic\sources\c90\common\doprnt.c estimated size: 434

C:\Program Files (x86)\Microchip\xc8\v2.00\pic\sources\c90\common\Umul16.c
		___wmul        		CODE           	0BC8	0000	36

C:\Program Files (x86)\Microchip\xc8\v2.00\pic\sources\c90\common\Umul16.c estimated size: 36

C:\Program Files (x86)\Microchip\xc8\v2.00\pic\sources\c90\common\lwdiv.c
		___lwdiv       		CODE           	06BB	0000	63

C:\Program Files (x86)\Microchip\xc8\v2.00\pic\sources\c90\common\lwdiv.c estimated size: 63

C:\Program Files (x86)\Microchip\xc8\v2.00\pic\sources\c90\common\isdigit.c
		_isdigit       		CODE           	0BB8	0000	17

C:\Program Files (x86)\Microchip\xc8\v2.00\pic\sources\c90\common\isdigit.c estimated size: 17

shared
		__stringtab    		STRCODE        	0700	0000	19
		i1_RAM_sequential_SPI_write		CODE           	0E2C	0000	157
		_dpowers       		STRCODE        	0712	0000	11
		__initialization		CODE           	0013	0000	16
		i1_RAM_sequential_SPI_read		CODE           	0D90	0000	157

shared estimated size: 360

main.c
		_ISR           		CODE           	0597	0000	293
		_putch         		CODE           	0BA0	0000	13
		_read_char     		CODE           	0BAC	0000	13
		_RAM_set_SPI_mode		CODE           	0C1F	0000	55
		_main          		CODE           	0026	0000	961
		_RAM_sequential_SPI_write		CODE           	0F64	0000	157
		_setup_peripheals		CODE           	0C55	0000	71
		_RAM_sequential_SPI_read		CODE           	0EC8	0000	157
		_read_line     		CODE           	0D0C	0000	133

main.c estimated size: 1853

