Microchip MPLAB XC8 Compiler V1.45 ()

Linker command line:

-W-3 --edf=C:\Program Files (x86)\Microchip\xc8\v1.45\dat\en_msgs.txt -cs \
  -h+dist/default/debug\pic16f_IR_remote_control_interrupts.X.debug.sym \
  --cmf=dist/default/debug\pic16f_IR_remote_control_interrupts.X.debug.cmf \
  -z -Q16F876A -oC:\Users\daniele\AppData\Local\Temp\s7t0.2 \
  -Mdist/default/debug/pic16f_IR_remote_control_interrupts.X.debug.map -E1 \
  -ver=XC8 -ASTACK=01C0h-01e4h -pstack=STACK \
  -ACODE=00h-07FFhx3,01800h-01EFFh -ASTRCODE=00h-01EFFh \
  -ASTRING=00h-0FFhx31 -ACONST=00h-0FFhx31 -AENTRY=00h-0FFhx31 \
  -ACOMMON=071h-07Fh -ABANK0=020h-06Fh -ABANK1=0A0h-0EFh \
  -ABANK2=0110h-016Fh -ABANK3=0190h-01E4h \
  -ARAM=020h-06Fh,0A0h-0EFh,0110h-016Fh,0190h-01E4h \
  -AABS1=020h-07Fh,0A0h-0EFh,0110h-016Fh,0190h-01EFh -ASFR0=00h-01Fh \
  -ASFR1=080h-09Fh -ASFR2=0100h-010Fh -ASFR3=0180h-018Fh \
  -preset_vec=00h,intentry=04h,init,end_init -ppowerup=CODE -pcinit=CODE \
  -pfunctab=ENTRY -ACONFIG=02007h-02007h -pconfig=CONFIG -DCONFIG=2 \
  -AIDLOC=02000h-02003h -pidloc=IDLOC -DIDLOC=2 -AEEDATA=00h-0FFh/02100h \
  -peeprom_data=EEDATA -DEEDATA=2 -DCODE=2 -DSTRCODE=2 -DSTRING=2 -DCONST=2 \
  -DENTRY=2 -k C:\Users\daniele\AppData\Local\Temp\s7t0.obj \
  dist/default/debug\pic16f_IR_remote_control_interrupts.X.debug.obj 

Object code version is 3.11

Machine type is 16F876A



                Name                               Link     Load   Length Selector   Space Scale
C:\Users\daniele\AppData\Local\Temp\s7t0.obj
                end_init                             12       12        3        8       0
                reset_vec                             0        0        4        0       0
                config                             2007     2007        1     400E       0
dist/default/debug\pic16f_IR_remote_control_interrupts.X.debug.obj
                cinit                               7E1      7E1       1F      FC2       0
                intentry                              4        4        E        8       0
                text17                              F53      F53       3C     1EA6       0
                text16                              EB0      EB0       34     1D60       0
                text15                              E6C      E6C       21     1CD8       0
                text14                              E4E      E4E        E     1C9C       0
                text13                              E2C      E2C        A     1C58       0
                text12                              198      198      1B1      330       0
                text11                               E0       E0       B8      1C0       0
                text10                              E8D      E8D       23     1D1A       0
                text9                               E5C      E5C       10     1CB8       0
                text8                               F8F      F8F       71     1F1E       0
                text7                                1E       1E       3E       3C       0
                text6                               EE4      EE4       34     1DC8       0
                text5                               E36      E36        C     1C6C       0
                text4                               349      349      23D      692       0
                text3                               E42      E42        C     1C84       0
                text2                                5C       5C       84       B8       0
                text1                               F18      F18       3B     1E30       0
                maintext                            586      586      25B      B0C       0
                cstackBANK0                          20       20       2E       20       1
                cstackCOMMON                         71       71        D       71       1
                cstackBANK1                          A0       A0       1E       A0       1
                clrtext                              16       16        8       2C       0
                bssBANK2                            110      110       60      110       1
                bssBANK3                            190      190       30      190       1
                bssBANK1                             BE       BE       10       A0       1
                bssBANK0                             4E       4E        1       20       1
                stringtext                          800      800      147       10       0

TOTAL           Name                               Link     Load   Length     Space
        CLASS   STACK          

        CLASS   CODE           
                end_init                             12       12        3         0
                cinit                               7E1      7E1       1F         0
                intentry                              4        4        E         0
                reset_vec                             0        0        4         0
                text17                              F53      F53       3C         0
                text16                              EB0      EB0       34         0
                text15                              E6C      E6C       21         0
                text14                              E4E      E4E        E         0
                text13                              E2C      E2C        A         0
                text12                              198      198      1B1         0
                text11                               E0       E0       B8         0
                text10                              E8D      E8D       23         0
                text9                               E5C      E5C       10         0
                text8                               F8F      F8F       71         0
                text7                                1E       1E       3E         0
                text6                               EE4      EE4       34         0
                text5                               E36      E36        C         0
                text4                               349      349      23D         0
                text3                               E42      E42        C         0
                text2                                5C       5C       84         0
                text1                               F18      F18       3B         0
                maintext                            586      586      25B         0
                clrtext                              16       16        8         0

        CLASS   STRCODE        
                stringtext                          800      800      147         0

        CLASS   STRING         

        CLASS   CONST          

        CLASS   ENTRY          

        CLASS   COMMON         
                cstackCOMMON                         71       71        D         1

        CLASS   BANK0          
                cstackBANK0                          20       20       2E         1
                bssBANK0                             4E       4E        1         1

        CLASS   BANK1          
                cstackBANK1                          A0       A0       1E         1
                bssBANK1                             BE       BE       10         1

        CLASS   BANK2          
                bssBANK2                            110      110       60         1

        CLASS   BANK3          
                bssBANK3                            190      190       30         1

        CLASS   RAM            

        CLASS   ABS1           
                abs_s1                               7E       7E        2         1

        CLASS   SFR0           

        CLASS   SFR1           

        CLASS   SFR2           

        CLASS   SFR3           

        CLASS   CONFIG         
                config                             2007     2007        1         0

        CLASS   IDLOC          

        CLASS   EEDATA         



SEGMENTS        Name                           Load    Length   Top    Selector   Space  Class     Delta

                reset_vec                      000000  000004  000004         0       0  CODE        2
                intentry                       000004  000011  000015         8       0  CODE        2
                cstackBANK0                    000020  00002F  00004F        20       1  BANK0       1
                clrtext                        000016  000008  00001E        2C       0  CODE        2
                text7                          00001E  00003E  00005C        3C       0  CODE        2
                cstackCOMMON                   000071  00000D  00007E        71       1  COMMON      1
                cstackBANK1                    0000A0  00002E  0000CE        A0       1  BANK1       1
                text2                          00005C  000084  0000E0        B8       0  CODE        2
                bssBANK2                       000110  000060  000170       110       1  BANK2       1
                bssBANK3                       000190  000030  0001C0       190       1  BANK3       1
                text11                         0000E0  0000B8  000198       1C0       0  CODE        2
                text12                         000198  0001B1  000349       330       0  CODE        2
                text4                          000349  00023D  000586       692       0  CODE        2
                maintext                       000586  00025B  0007E1       B0C       0  CODE        2
                cinit                          0007E1  00001F  000800       FC2       0  CODE        2
                stringtext                     000800  000147  000947        10       0  STRCODE     2
                text13                         000E2C  00000A  000E36      1C58       0  CODE        2
                text5                          000E36  00000C  000E42      1C6C       0  CODE        2
                text3                          000E42  00000C  000E4E      1C84       0  CODE        2
                text14                         000E4E  00000E  000E5C      1C9C       0  CODE        2
                text9                          000E5C  000010  000E6C      1CB8       0  CODE        2
                text15                         000E6C  000021  000E8D      1CD8       0  CODE        2
                text10                         000E8D  000023  000EB0      1D1A       0  CODE        2
                text16                         000EB0  000034  000EE4      1D60       0  CODE        2
                text6                          000EE4  000034  000F18      1DC8       0  CODE        2
                text1                          000F18  00003B  000F53      1E30       0  CODE        2
                text17                         000F53  00003C  000F8F      1EA6       0  CODE        2
                text8                          000F8F  000071  001000      1F1E       0  CODE        2
                config                         002007  000001  002008      400E       0  CONFIG      2


UNUSED ADDRESS RANGES

        Name                Unused          Largest block    Delta
        BANK0            004F-006F             21           1
        BANK1            00CE-00EF             22           1
        BANK3            01C0-01E4             25           1
        CODE             0015-0015              1           2
                         0947-0E2B            4E5
                         1000-1EFF            800
        CONST            0015-0015              1           2
                         0947-0E2B            100
                         1000-1EFF            100
        EEDATA           2100-21FF            100           2
        ENTRY            0015-0015              1           2
                         0947-0E2B            100
                         1000-1EFF            100
        IDLOC            2000-2003              4           2
        RAM              004F-006F             21           1
                         00CE-00EF             22
                         01C0-01E4             25
        SFR0             0000-001F             20           1
        SFR1             0080-009F             20           1
        SFR2             0100-010F             10           1
        SFR3             0180-018F             10           1
        STACK            01C0-01E4             25           1
        STRCODE          0015-0015              1           2
                         0947-0E2B            4E5
                         1000-1EFF            F00
        STRING           0015-0015              1           2
                         0947-0E2B            100
                         1000-1EFF            100

                                  Symbol Table

?___lwdiv                  cstackBANK0  003D
?___lwmod                  cstackBANK0  0045
?___wmul                   cstackBANK0  003D
?_atoi                     cstackBANK0  0043
?_printf                   cstackBANK1  00A0
?i1___lwdiv                cstackCOMMON 0071
?i1___lwmod                cstackCOMMON 0079
?i1___wmul                 cstackCOMMON 0071
?i1_printf                 cstackBANK0  0021
_ADCON1bits                (abs)        009F
_INTCONbits                (abs)        000B
_ISR                       text11       00E0
_PIE1bits                  (abs)        008C
_PIR1bits                  (abs)        000C
_PORTA                     (abs)        0005
_PORTAbits                 (abs)        0005
_PORTBbits                 (abs)        0006
_PORTCbits                 (abs)        0007
_RCREG                     (abs)        001A
_RCSTAbits                 (abs)        0018
_SPBRG                     (abs)        0099
_T1CONbits                 (abs)        0010
_TMR1                      (abs)        000E
_TRISA                     (abs)        0085
_TRISB                     (abs)        0086
_TRISC                     (abs)        0087
_TRISCbits                 (abs)        0087
_TXREG                     (abs)        0019
_TXSTAbits                 (abs)        0098
__CFG_BOREN$OFF            (abs)        0000
__CFG_CP$OFF               (abs)        0000
__CFG_CPD$OFF              (abs)        0000
__CFG_FOSC$HS              (abs)        0000
__CFG_LVP$OFF              (abs)        0000
__CFG_PWRTE$ON             (abs)        0000
__CFG_WDTE$OFF             (abs)        0000
__CFG_WRT$OFF              (abs)        0000
__Habs1                    abs1         0000
__Hbank0                   bank0        0000
__Hbank1                   bank1        0000
__Hbank2                   bank2        0000
__Hbank3                   bank3        0000
__HbssBANK0                bssBANK0     0000
__HbssBANK1                bssBANK1     0000
__HbssBANK2                bssBANK2     0000
__HbssBANK3                bssBANK3     0000
__Hcinit                   cinit        0800
__Hclrtext                 clrtext      0000
__Hcode                    code         0000
__Hcommon                  common       0000
__Hconfig                  config       2008
__HcstackBANK0             cstackBANK0  0000
__HcstackBANK1             cstackBANK1  0000
__HcstackCOMMON            cstackCOMMON 0000
__Heeprom_data             eeprom_data  0000
__Hend_init                end_init     0015
__Hfunctab                 functab      0000
__Hidloc                   idloc        0000
__Hinit                    init         0012
__Hintentry                intentry     0012
__Hmaintext                maintext     0000
__Hpowerup                 powerup      0000
__Hram                     ram          0000
__Hreset_vec               reset_vec    0004
__Hsfr0                    sfr0         0000
__Hsfr1                    sfr1         0000
__Hsfr2                    sfr2         0000
__Hsfr3                    sfr3         0000
__Hspace_0                 (abs)        2008
__Hspace_1                 (abs)        01C0
__Hspace_2                 (abs)        0000
__Hspace_3                 (abs)        0000
__Hstack                   stack        0000
__Hstrings                 strings      0000
__Hstringtext              stringtext   0000
__Htext                    text         0000
__Labs1                    abs1         0000
__Lbank0                   bank0        0000
__Lbank1                   bank1        0000
__Lbank2                   bank2        0000
__Lbank3                   bank3        0000
__LbssBANK0                bssBANK0     0000
__LbssBANK1                bssBANK1     0000
__LbssBANK2                bssBANK2     0000
__LbssBANK3                bssBANK3     0000
__Lcinit                   cinit        07E1
__Lclrtext                 clrtext      0000
__Lcode                    code         0000
__Lcommon                  common       0000
__Lconfig                  config       2007
__LcstackBANK0             cstackBANK0  0000
__LcstackBANK1             cstackBANK1  0000
__LcstackCOMMON            cstackCOMMON 0000
__Leeprom_data             eeprom_data  0000
__Lend_init                end_init     0012
__Lfunctab                 functab      0000
__Lidloc                   idloc        0000
__Linit                    init         0012
__Lintentry                intentry     0004
__Lmaintext                maintext     0000
__Lpowerup                 powerup      0000
__Lram                     ram          0000
__Lreset_vec               reset_vec    0000
__Lsfr0                    sfr0         0000
__Lsfr1                    sfr1         0000
__Lsfr2                    sfr2         0000
__Lsfr3                    sfr3         0000
__Lspace_0                 (abs)        0000
__Lspace_1                 (abs)        0000
__Lspace_2                 (abs)        0000
__Lspace_3                 (abs)        0000
__Lstack                   stack        0000
__Lstrings                 strings      0000
__Lstringtext              stringtext   0000
__Ltext                    text         0000
__S0                       (abs)        2008
__S1                       (abs)        01C0
__S2                       (abs)        0000
__S3                       (abs)        0000
___int_sp                  stack        0000
___latbits                 (abs)        0002
___lwdiv                   text7        001E
___lwdiv@counter           cstackBANK0  0044
___lwdiv@dividend          cstackBANK0  003F
___lwdiv@divisor           cstackBANK0  003D
___lwdiv@quotient          cstackBANK0  0042
___lwmod                   text6        0EE4
___lwmod@counter           cstackBANK0  004A
___lwmod@dividend          cstackBANK0  0047
___lwmod@divisor           cstackBANK0  0045
___sp                      stack        0000
___wmul                    text10       0E8D
___wmul@multiplicand       cstackBANK0  003F
___wmul@multiplier         cstackBANK0  003D
___wmul@product            cstackBANK0  0041
__end_of_ISR               text11       0198
__end_of___lwdiv           text7        005C
__end_of___lwmod           text6        0F18
__end_of___wmul            text10       0EB0
__end_of__initialization   cinit        07FC
__end_of__stringtab        stringtext   0812
__end_of_atoi              text8        1000
__end_of_dpowers           stringtext   081C
__end_of_isdigit           text9        0E6C
__end_of_main              maintext     07E1
__end_of_printf            text4        0586
__end_of_putch             text5        0E42
__end_of_read_char         text3        0E4E
__end_of_read_line         text2        00E0
__end_of_setup_peripheals  text1        0F53
__end_ofi1___lwdiv         text17       0F8F
__end_ofi1___lwmod         text16       0EE4
__end_ofi1___wmul          text15       0E8D
__end_ofi1_isdigit         text14       0E5C
__end_ofi1_printf          text12       0349
__end_ofi1_putch           text13       0E36
__initialization           cinit        07E1
__pbssBANK0                bssBANK0     004E
__pbssBANK1                bssBANK1     00BE
__pbssBANK2                bssBANK2     0110
__pbssBANK3                bssBANK3     0190
__pcstackBANK0             cstackBANK0  0020
__pcstackBANK1             cstackBANK1  00A0
__pcstackCOMMON            cstackCOMMON 0071
__pintentry                intentry     0004
__pmaintext                maintext     0586
__pstringtext              stringtext   0800
__ptext1                   text1        0F18
__ptext10                  text10       0E8D
__ptext11                  text11       00E0
__ptext12                  text12       0198
__ptext13                  text13       0E2C
__ptext14                  text14       0E4E
__ptext15                  text15       0E6C
__ptext16                  text16       0EB0
__ptext17                  text17       0F53
__ptext2                   text2        005C
__ptext3                   text3        0E42
__ptext4                   text4        0349
__ptext5                   text5        0E36
__ptext6                   text6        0EE4
__ptext7                   text7        001E
__ptext8                   text8        0F8F
__ptext9                   text9        0E5C
__size_of_ISR              (abs)        0000
__size_of___lwdiv          (abs)        0000
__size_of___lwmod          (abs)        0000
__size_of___wmul           (abs)        0000
__size_of_atoi             (abs)        0000
__size_of_isdigit          (abs)        0000
__size_of_main             (abs)        0000
__size_of_printf           (abs)        0000
__size_of_putch            (abs)        0000
__size_of_read_char        (abs)        0000
__size_of_read_line        (abs)        0000
__size_of_setup_peripheals (abs)        0000
__size_ofi1___lwdiv        (abs)        0000
__size_ofi1___lwmod        (abs)        0000
__size_ofi1___wmul         (abs)        0000
__size_ofi1_isdigit        (abs)        0000
__size_ofi1_printf         (abs)        0000
__size_ofi1_putch          (abs)        0000
__stringbase               stringtext   0812
__stringtab                stringtext   0800
_a                         bssBANK1     00C0
_array                     bssBANK3     0190
_arrayv                    bssBANK2     0110
_atoi                      text8        0F8F
_b                         bssBANK1     00BF
_c                         bssBANK1     00C3
_cycles                    bssBANK1     00BE
_dpowers                   stringtext   0812
_e                         bssBANK1     00C1
_i                         bssBANK1     00C2
_isdigit                   text9        0E5C
_isdigit$694               cstackBANK0  003D
_main                      maintext     0586
_number                    bssBANK1     00C4
_printf                    text4        0349
_putch                     text5        0E36
_read_char                 text3        0E42
_read_line                 text2        005C
_setup_peripheals          text1        0F18
atoi@a                     cstackBANK0  0048
atoi@s                     cstackBANK0  004A
atoi@sign                  cstackBANK0  0047
btemp                      (abs)        007E
clear_ram0                 clrtext      0016
end_of_initialization      cinit        07FC
i1___lwdiv                 text17       0F53
i1___lwdiv@counter         cstackCOMMON 0078
i1___lwdiv@dividend        cstackCOMMON 0073
i1___lwdiv@divisor         cstackCOMMON 0071
i1___lwdiv@quotient        cstackCOMMON 0076
i1___lwmod                 text16       0EB0
i1___lwmod@counter         cstackBANK0  0020
i1___lwmod@dividend        cstackCOMMON 007B
i1___lwmod@divisor         cstackCOMMON 0079
i1___wmul                  text15       0E6C
i1___wmul@multiplicand     cstackCOMMON 0073
i1___wmul@multiplier       cstackCOMMON 0071
i1___wmul@product          cstackCOMMON 0075
i1_isdigit                 text14       0E4E
i1_isdigit$694             cstackCOMMON 0071
i1_printf                  text12       0198
i1_putch                   text13       0E2C
i1isdigit@c                cstackCOMMON 0072
i1printf@ap                cstackBANK0  002F
i1printf@c                 cstackBANK0  0034
i1printf@cp                cstackBANK0  002B
i1printf@f                 cstackBANK0  0021
i1printf@flag              cstackBANK0  002A
i1printf@len               cstackBANK0  0030
i1printf@prec              cstackBANK0  002E
i1printf@val               cstackBANK0  002C
i1printf@width             cstackBANK0  0032
i1putch@c                  cstackCOMMON 0071
interrupt_function         intentry     0004
intlevel0                  functab      0000
intlevel1                  functab      0000
intlevel2                  functab      0000
intlevel3                  functab      0000
intlevel4                  functab      0000
intlevel5                  functab      0000
isdigit@c                  cstackBANK0  003E
printf@ap                  cstackBANK1  00AD
printf@c                   cstackBANK1  00B2
printf@cp                  cstackBANK1  00A9
printf@f                   cstackBANK1  00A0
printf@flag                cstackBANK1  00A8
printf@len                 cstackBANK1  00AE
printf@prec                cstackBANK1  00AC
printf@val                 cstackBANK1  00AA
printf@width               cstackBANK1  00B0
putch@c                    cstackBANK0  003D
read_line@c                cstackBANK0  0045
read_line@i                cstackBANK0  0043
read_line@max_len          cstackBANK0  003E
read_line@s                cstackBANK0  0042
reset_vec                  reset_vec    0000
saved_w                    (abs)        007E
stackhi                    (abs)        0000
stacklo                    (abs)        0000
start                      init         0012
start_initialization       cinit        07E1
wtemp0                     (abs)        007E


FUNCTION INFORMATION:

 *************** function _main *****************
 Defined at:
		line 32 in file "main.c"
 Parameters:    Size  Location     Type
  argc            2   19[BANK1 ] int 
  argv            2   21[BANK1 ] PTR PTR unsigned char 
 Auto vars:     Size  Location     Type
		None
 Return value:  Size  Location     Type
                  2   19[BANK1 ] int 
 Registers used:
		wreg, fsr0l, fsr0h, status,2, status,0, btemp+1, pclath, cstack
 Tracked objects:
		On entry : 
		On exit  : 
		Unchanged: 
 Data sizes:     COMMON   BANK0   BANK1   BANK3   BANK2
      Params:         0       0       4       0       0
      Locals:         0       0       0       0       0
      Temps:          0       0       7       0       0
      Totals:         0       0      11       0       0
Total ram usage:       11 bytes
 Hardware stack levels required when called:    5
 This function calls:
		_atoi
		_printf
		_read_char
		_read_line
		_setup_peripheals
 This function is called by:
		Startup code after reset
 This function uses a non-reentrant model


 *************** function _setup_peripheals *****************
 Defined at:
		line 100 in file "main.c"
 Parameters:    Size  Location     Type
		None
 Auto vars:     Size  Location     Type
		None
 Return value:  Size  Location     Type
                  1    wreg      void 
 Registers used:
		wreg, status,2, status,0
 Tracked objects:
		On entry : 
		On exit  : 
		Unchanged: 
 Data sizes:     COMMON   BANK0   BANK1   BANK3   BANK2
      Params:         0       0       0       0       0
      Locals:         0       0       0       0       0
      Temps:          0       0       0       0       0
      Totals:         0       0       0       0       0
Total ram usage:        0 bytes
 Hardware stack levels used:    1
 Hardware stack levels required when called:    3
 This function calls:
		Nothing
 This function is called by:
		_main
 This function uses a non-reentrant model


 *************** function _read_line *****************
 Defined at:
		line 165 in file "main.c"
 Parameters:    Size  Location     Type
  s               1    wreg     PTR unsigned char 
		 -> number(10), 
  max_len         2   30[BANK0 ] int 
 Auto vars:     Size  Location     Type
  s               1   34[BANK0 ] PTR unsigned char 
		 -> number(10), 
  c               1   37[BANK0 ] unsigned char 
  i               2   35[BANK0 ] int 
 Return value:  Size  Location     Type
                  1    wreg      void 
 Registers used:
		wreg, fsr0l, fsr0h, status,2, status,0, btemp+1, pclath, cstack
 Tracked objects:
		On entry : 
		On exit  : 
		Unchanged: 
 Data sizes:     COMMON   BANK0   BANK1   BANK3   BANK2
      Params:         0       2       0       0       0
      Locals:         0       4       0       0       0
      Temps:          0       2       0       0       0
      Totals:         0       8       0       0       0
Total ram usage:        8 bytes
 Hardware stack levels used:    1
 Hardware stack levels required when called:    4
 This function calls:
		_putch
		_read_char
 This function is called by:
		_main
 This function uses a non-reentrant model


 *************** function _read_char *****************
 Defined at:
		line 154 in file "main.c"
 Parameters:    Size  Location     Type
		None
 Auto vars:     Size  Location     Type
		None
 Return value:  Size  Location     Type
                  1    wreg      unsigned char 
 Registers used:
		wreg
 Tracked objects:
		On entry : 
		On exit  : 
		Unchanged: 
 Data sizes:     COMMON   BANK0   BANK1   BANK3   BANK2
      Params:         0       0       0       0       0
      Locals:         0       0       0       0       0
      Temps:          0       0       0       0       0
      Totals:         0       0       0       0       0
Total ram usage:        0 bytes
 Hardware stack levels used:    1
 Hardware stack levels required when called:    3
 This function calls:
		Nothing
 This function is called by:
		_main
		_read_line
 This function uses a non-reentrant model


 *************** function _printf *****************
 Defined at:
		line 464 in file "C:\Program Files (x86)\Microchip\xc8\v1.45\sources\common\doprnt.c"
 Parameters:    Size  Location     Type
  f               2    0[BANK1 ] PTR const unsigned char 
		 -> STR_18(6), STR_17(17), STR_16(35), STR_15(24), 
		 -> STR_14(14), STR_13(18), STR_12(47), STR_11(10), 
		 -> STR_10(16), STR_9(7), STR_8(9), STR_7(25), 
		 -> STR_6(10), STR_5(16), STR_4(17), STR_3(5), 
		 -> STR_2(41), STR_1(8), 
 Auto vars:     Size  Location     Type
  tmpval          4    0        struct .
  width           2   16[BANK1 ] int 
  len             2   14[BANK1 ] unsigned int 
  val             2   10[BANK1 ] unsigned int 
  c               1   18[BANK1 ] char 
  ap              1   13[BANK1 ] PTR void [1]
		 -> ?i1_printf(2), ?_printf(2), 
  prec            1   12[BANK1 ] char 
  cp              1    9[BANK1 ] PTR const unsigned char 
		 -> printf@c(1), 
  flag            1    8[BANK1 ] unsigned char 
 Return value:  Size  Location     Type
                  2    0[BANK1 ] int 
 Registers used:
		wreg, fsr0l, fsr0h, status,2, status,0, btemp+1, pclath, cstack
 Tracked objects:
		On entry : 
		On exit  : 
		Unchanged: 
 Data sizes:     COMMON   BANK0   BANK1   BANK3   BANK2
      Params:         0       0       8       0       0
      Locals:         0       0      11       0       0
      Temps:          0       3       0       0       0
      Totals:         0       3      19       0       0
Total ram usage:       22 bytes
 Hardware stack levels used:    1
 Hardware stack levels required when called:    4
 This function calls:
		___lwdiv
		___lwmod
		___wmul
		_isdigit
		_putch
 This function is called by:
		_main
 This function uses a non-reentrant model


 *************** function _putch *****************
 Defined at:
		line 147 in file "main.c"
 Parameters:    Size  Location     Type
  c               1    wreg     unsigned char 
 Auto vars:     Size  Location     Type
  c               1   29[BANK0 ] unsigned char 
 Return value:  Size  Location     Type
                  1    wreg      void 
 Registers used:
		wreg
 Tracked objects:
		On entry : 
		On exit  : 
		Unchanged: 
 Data sizes:     COMMON   BANK0   BANK1   BANK3   BANK2
      Params:         0       0       0       0       0
      Locals:         0       1       0       0       0
      Temps:          0       0       0       0       0
      Totals:         0       1       0       0       0
Total ram usage:        1 bytes
 Hardware stack levels used:    1
 Hardware stack levels required when called:    3
 This function calls:
		Nothing
 This function is called by:
		_read_line
		_printf
 This function uses a non-reentrant model


 *************** function ___lwmod *****************
 Defined at:
		line 6 in file "C:\Program Files (x86)\Microchip\xc8\v1.45\sources\common\lwmod.c"
 Parameters:    Size  Location     Type
  divisor         2   37[BANK0 ] unsigned int 
  dividend        2   39[BANK0 ] unsigned int 
 Auto vars:     Size  Location     Type
  counter         1   42[BANK0 ] unsigned char 
 Return value:  Size  Location     Type
                  2   37[BANK0 ] unsigned int 
 Registers used:
		wreg, status,2, status,0
 Tracked objects:
		On entry : 
		On exit  : 
		Unchanged: 
 Data sizes:     COMMON   BANK0   BANK1   BANK3   BANK2
      Params:         0       4       0       0       0
      Locals:         0       1       0       0       0
      Temps:          0       1       0       0       0
      Totals:         0       6       0       0       0
Total ram usage:        6 bytes
 Hardware stack levels used:    1
 Hardware stack levels required when called:    3
 This function calls:
		Nothing
 This function is called by:
		_printf
 This function uses a non-reentrant model


 *************** function ___lwdiv *****************
 Defined at:
		line 6 in file "C:\Program Files (x86)\Microchip\xc8\v1.45\sources\common\lwdiv.c"
 Parameters:    Size  Location     Type
  divisor         2   29[BANK0 ] unsigned int 
  dividend        2   31[BANK0 ] unsigned int 
 Auto vars:     Size  Location     Type
  quotient        2   34[BANK0 ] unsigned int 
  counter         1   36[BANK0 ] unsigned char 
 Return value:  Size  Location     Type
                  2   29[BANK0 ] unsigned int 
 Registers used:
		wreg, status,2, status,0
 Tracked objects:
		On entry : 
		On exit  : 
		Unchanged: 
 Data sizes:     COMMON   BANK0   BANK1   BANK3   BANK2
      Params:         0       4       0       0       0
      Locals:         0       3       0       0       0
      Temps:          0       1       0       0       0
      Totals:         0       8       0       0       0
Total ram usage:        8 bytes
 Hardware stack levels used:    1
 Hardware stack levels required when called:    3
 This function calls:
		Nothing
 This function is called by:
		_printf
 This function uses a non-reentrant model


 *************** function _atoi *****************
 Defined at:
		line 5 in file "C:\Program Files (x86)\Microchip\xc8\v1.45\sources\common\atoi.c"
 Parameters:    Size  Location     Type
  s               1    wreg     PTR const unsigned char 
		 -> number(10), 
 Auto vars:     Size  Location     Type
  s               1   42[BANK0 ] PTR const unsigned char 
		 -> number(10), 
  a               2   40[BANK0 ] int 
  sign            1   39[BANK0 ] unsigned char 
 Return value:  Size  Location     Type
                  2   35[BANK0 ] int 
 Registers used:
		wreg, fsr0l, fsr0h, status,2, status,0, pclath, cstack
 Tracked objects:
		On entry : 
		On exit  : 
		Unchanged: 
 Data sizes:     COMMON   BANK0   BANK1   BANK3   BANK2
      Params:         0       2       0       0       0
      Locals:         0       4       0       0       0
      Temps:          0       2       0       0       0
      Totals:         0       8       0       0       0
Total ram usage:        8 bytes
 Hardware stack levels used:    1
 Hardware stack levels required when called:    4
 This function calls:
		___wmul
		_isdigit
 This function is called by:
		_main
 This function uses a non-reentrant model


 *************** function _isdigit *****************
 Defined at:
		line 8 in file "C:\Program Files (x86)\Microchip\xc8\v1.45\sources\common\isdigit.c"
 Parameters:    Size  Location     Type
  c               1    wreg     unsigned char 
 Auto vars:     Size  Location     Type
  c               1   30[BANK0 ] unsigned char 
 Return value:  Size  Location     Type
		None               void
 Registers used:
		wreg, status,2, status,0
 Tracked objects:
		On entry : 
		On exit  : 
		Unchanged: 
 Data sizes:     COMMON   BANK0   BANK1   BANK3   BANK2
      Params:         0       0       0       0       0
      Locals:         0       2       0       0       0
      Temps:          0       0       0       0       0
      Totals:         0       2       0       0       0
Total ram usage:        2 bytes
 Hardware stack levels used:    1
 Hardware stack levels required when called:    3
 This function calls:
		Nothing
 This function is called by:
		_printf
		_atoi
 This function uses a non-reentrant model


 *************** function ___wmul *****************
 Defined at:
		line 15 in file "C:\Program Files (x86)\Microchip\xc8\v1.45\sources\common\Umul16.c"
 Parameters:    Size  Location     Type
  multiplier      2   29[BANK0 ] unsigned int 
  multiplicand    2   31[BANK0 ] unsigned int 
 Auto vars:     Size  Location     Type
  product         2   33[BANK0 ] unsigned int 
 Return value:  Size  Location     Type
                  2   29[BANK0 ] unsigned int 
 Registers used:
		wreg, status,2, status,0
 Tracked objects:
		On entry : 
		On exit  : 
		Unchanged: 
 Data sizes:     COMMON   BANK0   BANK1   BANK3   BANK2
      Params:         0       4       0       0       0
      Locals:         0       2       0       0       0
      Temps:          0       0       0       0       0
      Totals:         0       6       0       0       0
Total ram usage:        6 bytes
 Hardware stack levels used:    1
 Hardware stack levels required when called:    3
 This function calls:
		Nothing
 This function is called by:
		_printf
		_atoi
 This function uses a non-reentrant model


 *************** function _ISR *****************
 Defined at:
		line 191 in file "main.c"
 Parameters:    Size  Location     Type
		None
 Auto vars:     Size  Location     Type
		None
 Return value:  Size  Location     Type
                  1    wreg      void 
 Registers used:
		wreg, fsr0l, fsr0h, status,2, status,0, btemp+1, pclath, cstack
 Tracked objects:
		On entry : 
		On exit  : 
		Unchanged: 
 Data sizes:     COMMON   BANK0   BANK1   BANK3   BANK2
      Params:         0       0       0       0       0
      Locals:         0       0       0       0       0
      Temps:          0       8       0       0       0
      Totals:         0       8       0       0       0
Total ram usage:        8 bytes
 Hardware stack levels used:    1
 Hardware stack levels required when called:    2
 This function calls:
		i1_printf
 This function is called by:
		Interrupt level 1
 This function uses a non-reentrant model


 *************** function i1_printf *****************
 Defined at:
		line 464 in file "C:\Program Files (x86)\Microchip\xc8\v1.45\sources\common\doprnt.c"
 Parameters:    Size  Location     Type
  f               2    1[BANK0 ] PTR const unsigned char 
		 -> STR_18(6), STR_17(17), STR_16(35), STR_15(24), 
		 -> STR_14(14), STR_13(18), STR_12(47), STR_11(10), 
		 -> STR_10(16), STR_9(7), STR_8(9), STR_7(25), 
		 -> STR_6(10), STR_5(16), STR_4(17), STR_3(5), 
		 -> STR_2(41), STR_1(8), 
 Auto vars:     Size  Location     Type
  printf          4    0        struct .
  printf          2   18[BANK0 ] int 
  printf          2   16[BANK0 ] unsigned int 
  printf          2   12[BANK0 ] unsigned int 
  printf          1   20[BANK0 ] char 
  printf          1   15[BANK0 ] PTR void [1]
		 -> ?i1_printf(2), ?_printf(2), 
  printf          1   14[BANK0 ] char 
  printf          1   11[BANK0 ] PTR const unsigned char 
		 -> printf@c(1), 
  printf          1   10[BANK0 ] unsigned char 
 Return value:  Size  Location     Type
                  2    1[BANK0 ] int 
 Registers used:
		wreg, fsr0l, fsr0h, status,2, status,0, btemp+1, pclath, cstack
 Tracked objects:
		On entry : 
		On exit  : 
		Unchanged: 
 Data sizes:     COMMON   BANK0   BANK1   BANK3   BANK2
      Params:         0       6       0       0       0
      Locals:         0      11       0       0       0
      Temps:          0       3       0       0       0
      Totals:         0      20       0       0       0
Total ram usage:       20 bytes
 Hardware stack levels used:    1
 Hardware stack levels required when called:    1
 This function calls:
		i1___lwdiv
		i1___lwmod
		i1___wmul
		i1_isdigit
		i1_putch
 This function is called by:
		_ISR
 This function uses a non-reentrant model


 *************** function i1_putch *****************
 Defined at:
		line 147 in file "main.c"
 Parameters:    Size  Location     Type
  c               1    wreg     unsigned char 
 Auto vars:     Size  Location     Type
  c               1    0[COMMON] unsigned char 
 Return value:  Size  Location     Type
                  1    wreg      void 
 Registers used:
		wreg
 Tracked objects:
		On entry : 
		On exit  : 
		Unchanged: 
 Data sizes:     COMMON   BANK0   BANK1   BANK3   BANK2
      Params:         0       0       0       0       0
      Locals:         1       0       0       0       0
      Temps:          0       0       0       0       0
      Totals:         1       0       0       0       0
Total ram usage:        1 bytes
 Hardware stack levels used:    1
 This function calls:
		Nothing
 This function is called by:
		i1_printf
 This function uses a non-reentrant model


 *************** function i1_isdigit *****************
 Defined at:
		line 8 in file "C:\Program Files (x86)\Microchip\xc8\v1.45\sources\common\isdigit.c"
 Parameters:    Size  Location     Type
  c               1    wreg     unsigned char 
 Auto vars:     Size  Location     Type
  c               1    1[COMMON] unsigned char 
 Return value:  Size  Location     Type
		None               void
 Registers used:
		wreg, status,2, status,0
 Tracked objects:
		On entry : 
		On exit  : 
		Unchanged: 
 Data sizes:     COMMON   BANK0   BANK1   BANK3   BANK2
      Params:         0       0       0       0       0
      Locals:         2       0       0       0       0
      Temps:          0       0       0       0       0
      Totals:         2       0       0       0       0
Total ram usage:        2 bytes
 Hardware stack levels used:    1
 This function calls:
		Nothing
 This function is called by:
		i1_printf
 This function uses a non-reentrant model


 *************** function i1___wmul *****************
 Defined at:
		line 15 in file "C:\Program Files (x86)\Microchip\xc8\v1.45\sources\common\Umul16.c"
 Parameters:    Size  Location     Type
  multiplier      2    0[COMMON] unsigned int 
  multiplicand    2    2[COMMON] unsigned int 
 Auto vars:     Size  Location     Type
  __wmul          2    4[COMMON] unsigned int 
 Return value:  Size  Location     Type
                  2    0[COMMON] unsigned int 
 Registers used:
		wreg, status,2, status,0
 Tracked objects:
		On entry : 
		On exit  : 
		Unchanged: 
 Data sizes:     COMMON   BANK0   BANK1   BANK3   BANK2
      Params:         4       0       0       0       0
      Locals:         2       0       0       0       0
      Temps:          0       0       0       0       0
      Totals:         6       0       0       0       0
Total ram usage:        6 bytes
 Hardware stack levels used:    1
 This function calls:
		Nothing
 This function is called by:
		i1_printf
 This function uses a non-reentrant model


 *************** function i1___lwmod *****************
 Defined at:
		line 6 in file "C:\Program Files (x86)\Microchip\xc8\v1.45\sources\common\lwmod.c"
 Parameters:    Size  Location     Type
  divisor         2    8[COMMON] unsigned int 
  dividend        2   10[COMMON] unsigned int 
 Auto vars:     Size  Location     Type
  __lwmod         1    0[BANK0 ] unsigned char 
 Return value:  Size  Location     Type
                  2    8[COMMON] unsigned int 
 Registers used:
		wreg, status,2, status,0
 Tracked objects:
		On entry : 
		On exit  : 
		Unchanged: 
 Data sizes:     COMMON   BANK0   BANK1   BANK3   BANK2
      Params:         4       0       0       0       0
      Locals:         0       1       0       0       0
      Temps:          1       0       0       0       0
      Totals:         5       1       0       0       0
Total ram usage:        6 bytes
 Hardware stack levels used:    1
 This function calls:
		Nothing
 This function is called by:
		i1_printf
 This function uses a non-reentrant model


 *************** function i1___lwdiv *****************
 Defined at:
		line 6 in file "C:\Program Files (x86)\Microchip\xc8\v1.45\sources\common\lwdiv.c"
 Parameters:    Size  Location     Type
  divisor         2    0[COMMON] unsigned int 
  dividend        2    2[COMMON] unsigned int 
 Auto vars:     Size  Location     Type
  __lwdiv         2    5[COMMON] unsigned int 
  __lwdiv         1    7[COMMON] unsigned char 
 Return value:  Size  Location     Type
                  2    0[COMMON] unsigned int 
 Registers used:
		wreg, status,2, status,0
 Tracked objects:
		On entry : 
		On exit  : 
		Unchanged: 
 Data sizes:     COMMON   BANK0   BANK1   BANK3   BANK2
      Params:         4       0       0       0       0
      Locals:         3       0       0       0       0
      Temps:          1       0       0       0       0
      Totals:         8       0       0       0       0
Total ram usage:        8 bytes
 Hardware stack levels used:    1
 This function calls:
		Nothing
 This function is called by:
		i1_printf
 This function uses a non-reentrant model



MODULE INFORMATION

Module		Function		Class		Link	Load	Size
C:\Program Files (x86)\Microchip\xc8\v1.45\sources\common\doprnt.c
		_printf        		CODE           	0349	0000	574

C:\Program Files (x86)\Microchip\xc8\v1.45\sources\common\doprnt.c estimated size: 574

C:\Program Files (x86)\Microchip\xc8\v1.45\sources\common\Umul16.c
		___wmul        		CODE           	0E8D	0000	36

C:\Program Files (x86)\Microchip\xc8\v1.45\sources\common\Umul16.c estimated size: 36

C:\Program Files (x86)\Microchip\xc8\v1.45\sources\common\isdigit.c
		_isdigit       		CODE           	0E5C	0000	17

C:\Program Files (x86)\Microchip\xc8\v1.45\sources\common\isdigit.c estimated size: 17

C:\Program Files (x86)\Microchip\xc8\v1.45\sources\common\lwmod.c
		___lwmod       		CODE           	0EE4	0000	53

C:\Program Files (x86)\Microchip\xc8\v1.45\sources\common\lwmod.c estimated size: 53

C:\Program Files (x86)\Microchip\xc8\v1.45\sources\common\atoi.c
		_atoi          		CODE           	0F8F	0000	114

C:\Program Files (x86)\Microchip\xc8\v1.45\sources\common\atoi.c estimated size: 114

shared
		i1_printf      		CODE           	0198	0000	434
		i1_putch       		CODE           	0E2C	0000	11
		__stringtab    		STRCODE        	0800	0000	19
		i1___lwdiv     		CODE           	0F53	0000	61
		_dpowers       		STRCODE        	0812	0000	11
		i1_isdigit     		CODE           	0E4E	0000	15
		i1___wmul      		CODE           	0E6C	0000	34
		i1___lwmod     		CODE           	0EB0	0000	53
		__initialization		CODE           	07E1	0000	28

shared estimated size: 666

C:\Program Files (x86)\Microchip\xc8\v1.45\sources\common\lwdiv.c
		___lwdiv       		CODE           	001E	0000	63

C:\Program Files (x86)\Microchip\xc8\v1.45\sources\common\lwdiv.c estimated size: 63

main.c
		_ISR           		CODE           	00E0	0000	185
		_putch         		CODE           	0E36	0000	13
		_read_char     		CODE           	0E42	0000	13
		_main          		CODE           	0586	0000	604
		_setup_peripheals		CODE           	0F18	0000	60
		_read_line     		CODE           	005C	0000	133

main.c estimated size: 1008

