Microchip MPLAB XC8 Compiler V1.45 ()

Linker command line:

-W-3 --edf=C:\Program Files (x86)\Microchip\xc8\v1.45\dat\en_msgs.txt -cs \
  -h+dist/default/production\pic16f_IR_remote_control.X.production.sym \
  --cmf=dist/default/production\pic16f_IR_remote_control.X.production.cmf \
  -z -Q16F876A -oC:\Users\daniele\AppData\Local\Temp\sfc.2 \
  -Mdist/default/production/pic16f_IR_remote_control.X.production.map -E1 \
  -ver=XC8 -ASTACK=0110h-016fh -pstack=STACK -ACODE=00h-07FFhx4 \
  -ASTRCODE=00h-01FFFh -ASTRING=00h-0FFhx32 -ACONST=00h-0FFhx32 \
  -AENTRY=00h-0FFhx32 -ACOMMON=070h-07Fh -ABANK0=020h-06Fh \
  -ABANK1=0A0h-0EFh -ABANK2=0110h-016Fh -ABANK3=0190h-01EFh \
  -ARAM=020h-06Fh,0A0h-0EFh,0110h-016Fh,0190h-01EFh \
  -AABS1=020h-07Fh,0A0h-0EFh,0110h-016Fh,0190h-01EFh -ASFR0=00h-01Fh \
  -ASFR1=080h-09Fh -ASFR2=0100h-010Fh -ASFR3=0180h-018Fh \
  -preset_vec=00h,intentry,init,end_init -ppowerup=CODE -pcinit=CODE \
  -pfunctab=ENTRY -ACONFIG=02007h-02007h -pconfig=CONFIG -DCONFIG=2 \
  -AIDLOC=02000h-02003h -pidloc=IDLOC -DIDLOC=2 -AEEDATA=00h-0FFh/02100h \
  -peeprom_data=EEDATA -DEEDATA=2 -DCODE=2 -DSTRCODE=2 -DSTRING=2 -DCONST=2 \
  -DENTRY=2 -k C:\Users\daniele\AppData\Local\Temp\sfc.obj \
  dist/default/production\pic16f_IR_remote_control.X.production.obj 

Object code version is 3.11

Machine type is 16F876A



                Name                               Link     Load   Length Selector   Space Scale
C:\Users\daniele\AppData\Local\Temp\sfc.obj
                end_init                              0        0        3        0       0
                config                             2007     2007        1     400E       0
dist/default/production\pic16f_IR_remote_control.X.production.obj
                cinit                               7FC      7FC        4      FF8       0
                text10                              1B8      1B8       21      370       0
                text9                               1AA      1AA        E      354       0
                text8                               27E      27E       69      4FC       0
                text7                               242      242       3C      484       0
                text6                               1D9      1D9       32      3B2       0
                text5                               194      194        A      328       0
                text4                               35B      35B      1B1      6B6       0
                text3                               19E      19E        C      33C       0
                text2                               2E7      2E7       74      5CE       0
                text1                               20B      20B       37      416       0
                maintext                            50C      50C      2F0      A18       0
                cstackBANK0                          20       20       50       20       1
                cstackCOMMON                         70       70        E       70       1
                cstackBANK1                          A0       A0       11       A0       1
                cstackBANK3                         190      190       60      190       1
                stringtext                          800      800      123       10       0

TOTAL           Name                               Link     Load   Length     Space
        CLASS   STACK          

        CLASS   CODE           
                end_init                              0        0        3         0
                cinit                               7FC      7FC        4         0
                text10                              1B8      1B8       21         0
                text9                               1AA      1AA        E         0
                text8                               27E      27E       69         0
                text7                               242      242       3C         0
                text6                               1D9      1D9       32         0
                text5                               194      194        A         0
                text4                               35B      35B      1B1         0
                text3                               19E      19E        C         0
                text2                               2E7      2E7       74         0
                text1                               20B      20B       37         0
                maintext                            50C      50C      2F0         0

        CLASS   STRCODE        
                stringtext                          800      800      123         0

        CLASS   STRING         

        CLASS   CONST          

        CLASS   ENTRY          

        CLASS   COMMON         
                cstackCOMMON                         70       70        E         1

        CLASS   BANK0          
                cstackBANK0                          20       20       50         1

        CLASS   BANK1          
                cstackBANK1                          A0       A0       11         1

        CLASS   BANK2          

        CLASS   BANK3          
                cstackBANK3                         190      190       60         1

        CLASS   RAM            

        CLASS   ABS1           
                abs_s1                               7E       7E        2         1

        CLASS   SFR0           

        CLASS   SFR1           

        CLASS   SFR2           

        CLASS   SFR3           

        CLASS   CONFIG         
                config                             2007     2007        1         0

        CLASS   IDLOC          

        CLASS   EEDATA         



SEGMENTS        Name                           Load    Length   Top    Selector   Space  Class     Delta

                reset_vec                      000000  000003  000003         0       0  CODE        2
                cstackBANK0                    000020  000050  000070        20       1  BANK0       1
                cstackCOMMON                   000070  00000E  00007E        70       1  COMMON      1
                cstackBANK1                    0000A0  000011  0000B1        A0       1  BANK1       1
                cstackBANK3                    000190  000060  0001F0       190       1  BANK3       1
                text5                          000194  00000A  00019E       328       0  CODE        2
                text3                          00019E  00000C  0001AA       33C       0  CODE        2
                text9                          0001AA  00000E  0001B8       354       0  CODE        2
                text10                         0001B8  000021  0001D9       370       0  CODE        2
                text6                          0001D9  000032  00020B       3B2       0  CODE        2
                text1                          00020B  000037  000242       416       0  CODE        2
                text7                          000242  00003C  00027E       484       0  CODE        2
                text8                          00027E  000069  0002E7       4FC       0  CODE        2
                text2                          0002E7  000074  00035B       5CE       0  CODE        2
                text4                          00035B  0001B1  00050C       6B6       0  CODE        2
                maintext                       00050C  0002F0  0007FC       A18       0  CODE        2
                cinit                          0007FC  000004  000800       FF8       0  CODE        2
                stringtext                     000800  000123  000923        10       0  STRCODE     2
                config                         002007  000001  002008      400E       0  CONFIG      2


UNUSED ADDRESS RANGES

        Name                Unused          Largest block    Delta
        BANK1            00B1-00EF             3F           1
        BANK2            0110-016F             60           1
        CODE             0003-0193            191           2
                         0923-1FFF            800
        CONST            0003-0193             FD           2
                         0923-1FFF            100
        EEDATA           2100-21FF            100           2
        ENTRY            0003-0193             FD           2
                         0923-1FFF            100
        IDLOC            2000-2003              4           2
        RAM              00B1-00EF             3F           1
                         0110-016F             60
        SFR0             0000-001F             20           1
        SFR1             0080-009F             20           1
        SFR2             0100-010F             10           1
        SFR3             0180-018F             10           1
        STACK            0110-016F             60           1
        STRCODE          0003-0193            191           2
                         0923-1FFF           16DD
        STRING           0003-0193             FD           2
                         0923-1FFF            100

                                  Symbol Table

?___lwdiv                  cstackCOMMON 0070
?___lwmod                  cstackCOMMON 0078
?___wmul                   cstackCOMMON 0070
?_atoi                     cstackCOMMON 0076
?_printf                   cstackBANK0  0020
_ADCON1bits                (abs)        009F
_PIE1bits                  (abs)        008C
_PIR1bits                  (abs)        000C
_PORTA                     (abs)        0005
_PORTAbits                 (abs)        0005
_PORTCbits                 (abs)        0007
_RCREG                     (abs)        001A
_RCSTAbits                 (abs)        0018
_SPBRG                     (abs)        0099
_T1CONbits                 (abs)        0010
_TMR1                      (abs)        000E
_TRISA                     (abs)        0085
_TRISB                     (abs)        0086
_TRISC                     (abs)        0087
_TRISCbits                 (abs)        0087
_TXREG                     (abs)        0019
_TXSTAbits                 (abs)        0098
__CFG_BOREN$OFF            (abs)        0000
__CFG_CP$OFF               (abs)        0000
__CFG_CPD$OFF              (abs)        0000
__CFG_FOSC$HS              (abs)        0000
__CFG_LVP$OFF              (abs)        0000
__CFG_PWRTE$ON             (abs)        0000
__CFG_WDTE$OFF             (abs)        0000
__CFG_WRT$OFF              (abs)        0000
__Habs1                    abs1         0000
__Hbank0                   bank0        0000
__Hbank1                   bank1        0000
__Hbank2                   bank2        0000
__Hbank3                   bank3        0000
__Hcinit                   cinit        0800
__Hclrtext                 clrtext      0000
__Hcode                    code         0000
__Hcommon                  common       0000
__Hconfig                  config       2008
__HcstackBANK0             cstackBANK0  0000
__HcstackBANK1             cstackBANK1  0000
__HcstackBANK3             cstackBANK3  0000
__HcstackCOMMON            cstackCOMMON 0000
__Heeprom_data             eeprom_data  0000
__Hend_init                end_init     0003
__Hfunctab                 functab      0000
__Hidloc                   idloc        0000
__Hinit                    init         0000
__Hintentry                intentry     0000
__Hmaintext                maintext     0000
__Hpowerup                 powerup      0000
__Hram                     ram          0000
__Hreset_vec               reset_vec    0000
__Hsfr0                    sfr0         0000
__Hsfr1                    sfr1         0000
__Hsfr2                    sfr2         0000
__Hsfr3                    sfr3         0000
__Hspace_0                 (abs)        2008
__Hspace_1                 (abs)        01F0
__Hspace_2                 (abs)        0000
__Hspace_3                 (abs)        0000
__Hstack                   stack        0000
__Hstrings                 strings      0000
__Hstringtext              stringtext   0000
__Htext                    text         0000
__Labs1                    abs1         0000
__Lbank0                   bank0        0000
__Lbank1                   bank1        0000
__Lbank2                   bank2        0000
__Lbank3                   bank3        0000
__Lcinit                   cinit        07FC
__Lclrtext                 clrtext      0000
__Lcode                    code         0000
__Lcommon                  common       0000
__Lconfig                  config       2007
__LcstackBANK0             cstackBANK0  0000
__LcstackBANK1             cstackBANK1  0000
__LcstackBANK3             cstackBANK3  0000
__LcstackCOMMON            cstackCOMMON 0000
__Leeprom_data             eeprom_data  0000
__Lend_init                end_init     0000
__Lfunctab                 functab      0000
__Lidloc                   idloc        0000
__Linit                    init         0000
__Lintentry                intentry     0000
__Lmaintext                maintext     0000
__Lpowerup                 powerup      0000
__Lram                     ram          0000
__Lreset_vec               reset_vec    0000
__Lsfr0                    sfr0         0000
__Lsfr1                    sfr1         0000
__Lsfr2                    sfr2         0000
__Lsfr3                    sfr3         0000
__Lspace_0                 (abs)        0000
__Lspace_1                 (abs)        0000
__Lspace_2                 (abs)        0000
__Lspace_3                 (abs)        0000
__Lstack                   stack        0000
__Lstrings                 strings      0000
__Lstringtext              stringtext   0000
__Ltext                    text         0000
__S0                       (abs)        2008
__S1                       (abs)        01F0
__S2                       (abs)        0000
__S3                       (abs)        0000
___int_sp                  stack        0000
___latbits                 (abs)        0002
___lwdiv                   text7        0242
___lwdiv@counter           cstackCOMMON 0077
___lwdiv@dividend          cstackCOMMON 0072
___lwdiv@divisor           cstackCOMMON 0070
___lwdiv@quotient          cstackCOMMON 0075
___lwmod                   text6        01D9
___lwmod@counter           cstackCOMMON 007D
___lwmod@dividend          cstackCOMMON 007A
___lwmod@divisor           cstackCOMMON 0078
___sp                      stack        0000
___wmul                    text10       01B8
___wmul@multiplicand       cstackCOMMON 0072
___wmul@multiplier         cstackCOMMON 0070
___wmul@product            cstackCOMMON 0074
__end_of___lwdiv           text7        027E
__end_of___lwmod           text6        020B
__end_of___wmul            text10       01D9
__end_of__initialization   cinit        07FC
__end_of__stringtab        stringtext   0812
__end_of_atoi              text8        02E7
__end_of_dpowers           stringtext   081C
__end_of_isdigit           text9        01B8
__end_of_main              maintext     07FC
__end_of_printf            text4        050C
__end_of_putch             text5        019E
__end_of_read_char         text3        01AA
__end_of_read_line         text2        035B
__end_of_setup_peripheals  text1        0242
__initialization           cinit        07FC
__pcstackBANK0             cstackBANK0  0020
__pcstackBANK1             cstackBANK1  00A0
__pcstackBANK3             cstackBANK3  0190
__pcstackCOMMON            cstackCOMMON 0070
__pmaintext                maintext     050C
__pstringtext              stringtext   0800
__ptext1                   text1        020B
__ptext10                  text10       01B8
__ptext2                   text2        02E7
__ptext3                   text3        019E
__ptext4                   text4        035B
__ptext5                   text5        0194
__ptext6                   text6        01D9
__ptext7                   text7        0242
__ptext8                   text8        027E
__ptext9                   text9        01AA
__size_of___lwdiv          (abs)        0000
__size_of___lwmod          (abs)        0000
__size_of___wmul           (abs)        0000
__size_of_atoi             (abs)        0000
__size_of_isdigit          (abs)        0000
__size_of_main             (abs)        0000
__size_of_printf           (abs)        0000
__size_of_putch            (abs)        0000
__size_of_read_char        (abs)        0000
__size_of_read_line        (abs)        0000
__size_of_setup_peripheals (abs)        0000
__stringbase               stringtext   0812
__stringtab                stringtext   0800
_atoi                      text8        027E
_dpowers                   stringtext   0812
_isdigit                   text9        01AA
_isdigit$615               cstackCOMMON 0070
_main                      maintext     050C
_printf                    text4        035B
_putch                     text5        0194
_read_char                 text3        019E
_read_line                 text2        02E7
_setup_peripheals          text1        020B
atoi@a                     cstackCOMMON 007B
atoi@s                     cstackCOMMON 007D
atoi@sign                  cstackCOMMON 007A
btemp                      (abs)        007E
end_of_initialization      cinit        07FC
intlevel0                  functab      0000
intlevel1                  functab      0000
intlevel2                  functab      0000
intlevel3                  functab      0000
intlevel4                  functab      0000
intlevel5                  functab      0000
isdigit@c                  cstackCOMMON 0071
main@a                     cstackBANK1  00AD
main@array                 cstackBANK0  0040
main@arrayv                cstackBANK3  0190
main@b                     cstackBANK1  00AE
main@c                     cstackBANK1  00AF
main@cycles                cstackBANK1  00AB
main@e                     cstackBANK1  00AC
main@i                     cstackBANK1  00B0
main@number                cstackBANK1  00A0
main@val                   cstackBANK1  00AA
printf@ap                  cstackBANK0  0030
printf@c                   cstackBANK0  0035
printf@cp                  cstackBANK0  002C
printf@f                   cstackBANK0  0020
printf@flag                cstackBANK0  002B
printf@len                 cstackBANK0  0031
printf@prec                cstackBANK0  002F
printf@val                 cstackBANK0  002D
printf@width               cstackBANK0  0033
putch@c                    cstackCOMMON 0070
read_line@c                cstackCOMMON 0078
read_line@i                cstackCOMMON 0076
read_line@max_len          cstackCOMMON 0071
read_line@s                cstackCOMMON 0075
reset_vec                  reset_vec    0000
stackhi                    (abs)        0000
stacklo                    (abs)        0000
start                      init         0000
start_initialization       cinit        07FC
wtemp0                     (abs)        007E


FUNCTION INFORMATION:

 *************** function _main *****************
 Defined at:
		line 27 in file "main.c"
 Parameters:    Size  Location     Type
  argc            2   22[BANK0 ] int 
  argv            2   24[BANK0 ] PTR PTR unsigned char 
 Auto vars:     Size  Location     Type
  arrayv         96    0[BANK3 ] unsigned int [48]
  array          48   32[BANK0 ] unsigned char [48]
  number         10    0[BANK1 ] unsigned char [10]
  i               1   16[BANK1 ] unsigned char 
  c               1   15[BANK1 ] unsigned char 
  b               1   14[BANK1 ] unsigned char 
  a               1   13[BANK1 ] unsigned char 
  e               1   12[BANK1 ] unsigned char 
  cycles          1   11[BANK1 ] unsigned char 
  val             1   10[BANK1 ] unsigned char 
 Return value:  Size  Location     Type
                  2   22[BANK0 ] int 
 Registers used:
		wreg, fsr0l, fsr0h, status,2, status,0, btemp+1, pclath, cstack
 Tracked objects:
		On entry : 
		On exit  : 
		Unchanged: 
 Data sizes:     COMMON   BANK0   BANK1   BANK3   BANK2
      Params:         0       4       0       0       0
      Locals:         0      48      17      96       0
      Temps:          0       6       0       0       0
      Totals:         0      58      17      96       0
Total ram usage:      171 bytes
 Hardware stack levels required when called:    2
 This function calls:
		_atoi
		_printf
		_read_char
		_read_line
		_setup_peripheals
 This function is called by:
		Startup code after reset
 This function uses a non-reentrant model


 *************** function _setup_peripheals *****************
 Defined at:
		line 103 in file "main.c"
 Parameters:    Size  Location     Type
		None
 Auto vars:     Size  Location     Type
		None
 Return value:  Size  Location     Type
                  1    wreg      void 
 Registers used:
		wreg, status,2, status,0
 Tracked objects:
		On entry : 
		On exit  : 
		Unchanged: 
 Data sizes:     COMMON   BANK0   BANK1   BANK3   BANK2
      Params:         0       0       0       0       0
      Locals:         0       0       0       0       0
      Temps:          0       0       0       0       0
      Totals:         0       0       0       0       0
Total ram usage:        0 bytes
 Hardware stack levels used:    1
 This function calls:
		Nothing
 This function is called by:
		_main
 This function uses a non-reentrant model


 *************** function _read_line *****************
 Defined at:
		line 160 in file "main.c"
 Parameters:    Size  Location     Type
  s               1    wreg     PTR unsigned char 
		 -> main@number(10), 
  max_len         2    1[COMMON] int 
 Auto vars:     Size  Location     Type
  s               1    5[COMMON] PTR unsigned char 
		 -> main@number(10), 
  c               1    8[COMMON] unsigned char 
  i               2    6[COMMON] int 
 Return value:  Size  Location     Type
                  1    wreg      void 
 Registers used:
		wreg, fsr0l, fsr0h, status,2, status,0, btemp+1, pclath, cstack
 Tracked objects:
		On entry : 
		On exit  : 
		Unchanged: 
 Data sizes:     COMMON   BANK0   BANK1   BANK3   BANK2
      Params:         2       0       0       0       0
      Locals:         4       0       0       0       0
      Temps:          2       0       0       0       0
      Totals:         8       0       0       0       0
Total ram usage:        8 bytes
 Hardware stack levels used:    1
 Hardware stack levels required when called:    1
 This function calls:
		_putch
		_read_char
 This function is called by:
		_main
 This function uses a non-reentrant model


 *************** function _read_char *****************
 Defined at:
		line 149 in file "main.c"
 Parameters:    Size  Location     Type
		None
 Auto vars:     Size  Location     Type
		None
 Return value:  Size  Location     Type
                  1    wreg      unsigned char 
 Registers used:
		wreg
 Tracked objects:
		On entry : 
		On exit  : 
		Unchanged: 
 Data sizes:     COMMON   BANK0   BANK1   BANK3   BANK2
      Params:         0       0       0       0       0
      Locals:         0       0       0       0       0
      Temps:          0       0       0       0       0
      Totals:         0       0       0       0       0
Total ram usage:        0 bytes
 Hardware stack levels used:    1
 This function calls:
		Nothing
 This function is called by:
		_main
		_read_line
 This function uses a non-reentrant model


 *************** function _printf *****************
 Defined at:
		line 464 in file "C:\Program Files (x86)\Microchip\xc8\v1.45\sources\common\doprnt.c"
 Parameters:    Size  Location     Type
  f               2    0[BANK0 ] PTR const unsigned char 
		 -> STR_14(30), STR_13(24), STR_12(18), STR_11(47), 
		 -> STR_10(16), STR_9(7), STR_8(9), STR_7(25), 
		 -> STR_6(10), STR_5(16), STR_4(17), STR_3(5), 
		 -> STR_2(41), STR_1(8), 
 Auto vars:     Size  Location     Type
  tmpval          4    0        struct .
  width           2   19[BANK0 ] int 
  len             2   17[BANK0 ] unsigned int 
  val             2   13[BANK0 ] unsigned int 
  c               1   21[BANK0 ] char 
  ap              1   16[BANK0 ] PTR void [1]
		 -> ?_printf(2), 
  prec            1   15[BANK0 ] char 
  cp              1   12[BANK0 ] PTR const unsigned char 
		 -> printf@c(1), 
  flag            1   11[BANK0 ] unsigned char 
 Return value:  Size  Location     Type
                  2    0[BANK0 ] int 
 Registers used:
		wreg, fsr0l, fsr0h, status,2, status,0, btemp+1, pclath, cstack
 Tracked objects:
		On entry : 
		On exit  : 
		Unchanged: 
 Data sizes:     COMMON   BANK0   BANK1   BANK3   BANK2
      Params:         0       8       0       0       0
      Locals:         0      11       0       0       0
      Temps:          0       3       0       0       0
      Totals:         0      22       0       0       0
Total ram usage:       22 bytes
 Hardware stack levels used:    1
 Hardware stack levels required when called:    1
 This function calls:
		___lwdiv
		___lwmod
		___wmul
		_isdigit
		_putch
 This function is called by:
		_main
 This function uses a non-reentrant model


 *************** function _putch *****************
 Defined at:
		line 142 in file "main.c"
 Parameters:    Size  Location     Type
  c               1    wreg     unsigned char 
 Auto vars:     Size  Location     Type
  c               1    0[COMMON] unsigned char 
 Return value:  Size  Location     Type
                  1    wreg      void 
 Registers used:
		wreg
 Tracked objects:
		On entry : 
		On exit  : 
		Unchanged: 
 Data sizes:     COMMON   BANK0   BANK1   BANK3   BANK2
      Params:         0       0       0       0       0
      Locals:         1       0       0       0       0
      Temps:          0       0       0       0       0
      Totals:         1       0       0       0       0
Total ram usage:        1 bytes
 Hardware stack levels used:    1
 This function calls:
		Nothing
 This function is called by:
		_read_line
		_printf
 This function uses a non-reentrant model


 *************** function ___lwmod *****************
 Defined at:
		line 6 in file "C:\Program Files (x86)\Microchip\xc8\v1.45\sources\common\lwmod.c"
 Parameters:    Size  Location     Type
  divisor         2    8[COMMON] unsigned int 
  dividend        2   10[COMMON] unsigned int 
 Auto vars:     Size  Location     Type
  counter         1   13[COMMON] unsigned char 
 Return value:  Size  Location     Type
                  2    8[COMMON] unsigned int 
 Registers used:
		wreg, status,2, status,0
 Tracked objects:
		On entry : 
		On exit  : 
		Unchanged: 
 Data sizes:     COMMON   BANK0   BANK1   BANK3   BANK2
      Params:         4       0       0       0       0
      Locals:         1       0       0       0       0
      Temps:          1       0       0       0       0
      Totals:         6       0       0       0       0
Total ram usage:        6 bytes
 Hardware stack levels used:    1
 This function calls:
		Nothing
 This function is called by:
		_printf
 This function uses a non-reentrant model


 *************** function ___lwdiv *****************
 Defined at:
		line 6 in file "C:\Program Files (x86)\Microchip\xc8\v1.45\sources\common\lwdiv.c"
 Parameters:    Size  Location     Type
  divisor         2    0[COMMON] unsigned int 
  dividend        2    2[COMMON] unsigned int 
 Auto vars:     Size  Location     Type
  quotient        2    5[COMMON] unsigned int 
  counter         1    7[COMMON] unsigned char 
 Return value:  Size  Location     Type
                  2    0[COMMON] unsigned int 
 Registers used:
		wreg, status,2, status,0
 Tracked objects:
		On entry : 
		On exit  : 
		Unchanged: 
 Data sizes:     COMMON   BANK0   BANK1   BANK3   BANK2
      Params:         4       0       0       0       0
      Locals:         3       0       0       0       0
      Temps:          1       0       0       0       0
      Totals:         8       0       0       0       0
Total ram usage:        8 bytes
 Hardware stack levels used:    1
 This function calls:
		Nothing
 This function is called by:
		_printf
 This function uses a non-reentrant model


 *************** function _atoi *****************
 Defined at:
		line 5 in file "C:\Program Files (x86)\Microchip\xc8\v1.45\sources\common\atoi.c"
 Parameters:    Size  Location     Type
  s               1    wreg     PTR const unsigned char 
		 -> main@number(10), 
 Auto vars:     Size  Location     Type
  s               1   13[COMMON] PTR const unsigned char 
		 -> main@number(10), 
  a               2   11[COMMON] int 
  sign            1   10[COMMON] unsigned char 
 Return value:  Size  Location     Type
                  2    6[COMMON] int 
 Registers used:
		wreg, fsr0l, fsr0h, status,2, status,0, pclath, cstack
 Tracked objects:
		On entry : 
		On exit  : 
		Unchanged: 
 Data sizes:     COMMON   BANK0   BANK1   BANK3   BANK2
      Params:         2       0       0       0       0
      Locals:         4       0       0       0       0
      Temps:          2       0       0       0       0
      Totals:         8       0       0       0       0
Total ram usage:        8 bytes
 Hardware stack levels used:    1
 Hardware stack levels required when called:    1
 This function calls:
		___wmul
		_isdigit
 This function is called by:
		_main
 This function uses a non-reentrant model


 *************** function _isdigit *****************
 Defined at:
		line 8 in file "C:\Program Files (x86)\Microchip\xc8\v1.45\sources\common\isdigit.c"
 Parameters:    Size  Location     Type
  c               1    wreg     unsigned char 
 Auto vars:     Size  Location     Type
  c               1    1[COMMON] unsigned char 
 Return value:  Size  Location     Type
		None               void
 Registers used:
		wreg, status,2, status,0
 Tracked objects:
		On entry : 
		On exit  : 
		Unchanged: 
 Data sizes:     COMMON   BANK0   BANK1   BANK3   BANK2
      Params:         0       0       0       0       0
      Locals:         2       0       0       0       0
      Temps:          0       0       0       0       0
      Totals:         2       0       0       0       0
Total ram usage:        2 bytes
 Hardware stack levels used:    1
 This function calls:
		Nothing
 This function is called by:
		_printf
		_atoi
 This function uses a non-reentrant model


 *************** function ___wmul *****************
 Defined at:
		line 15 in file "C:\Program Files (x86)\Microchip\xc8\v1.45\sources\common\Umul16.c"
 Parameters:    Size  Location     Type
  multiplier      2    0[COMMON] unsigned int 
  multiplicand    2    2[COMMON] unsigned int 
 Auto vars:     Size  Location     Type
  product         2    4[COMMON] unsigned int 
 Return value:  Size  Location     Type
                  2    0[COMMON] unsigned int 
 Registers used:
		wreg, status,2, status,0
 Tracked objects:
		On entry : 
		On exit  : 
		Unchanged: 
 Data sizes:     COMMON   BANK0   BANK1   BANK3   BANK2
      Params:         4       0       0       0       0
      Locals:         2       0       0       0       0
      Temps:          0       0       0       0       0
      Totals:         6       0       0       0       0
Total ram usage:        6 bytes
 Hardware stack levels used:    1
 This function calls:
		Nothing
 This function is called by:
		_printf
		_atoi
 This function uses a non-reentrant model



MODULE INFORMATION

Module		Function		Class		Link	Load	Size
C:\Program Files (x86)\Microchip\xc8\v1.45\sources\common\doprnt.c
		_printf        		CODE           	035B	0000	434

C:\Program Files (x86)\Microchip\xc8\v1.45\sources\common\doprnt.c estimated size: 434

C:\Program Files (x86)\Microchip\xc8\v1.45\sources\common\Umul16.c
		___wmul        		CODE           	01B8	0000	34

C:\Program Files (x86)\Microchip\xc8\v1.45\sources\common\Umul16.c estimated size: 34

C:\Program Files (x86)\Microchip\xc8\v1.45\sources\common\isdigit.c
		_isdigit       		CODE           	01AA	0000	15

C:\Program Files (x86)\Microchip\xc8\v1.45\sources\common\isdigit.c estimated size: 15

C:\Program Files (x86)\Microchip\xc8\v1.45\sources\common\lwmod.c
		___lwmod       		CODE           	01D9	0000	51

C:\Program Files (x86)\Microchip\xc8\v1.45\sources\common\lwmod.c estimated size: 51

C:\Program Files (x86)\Microchip\xc8\v1.45\sources\common\atoi.c
		_atoi          		CODE           	027E	0000	106

C:\Program Files (x86)\Microchip\xc8\v1.45\sources\common\atoi.c estimated size: 106

shared
		__stringtab    		STRCODE        	0800	0000	19
		_dpowers       		STRCODE        	0812	0000	11
		__initialization		CODE           	07FC	0000	1

shared estimated size: 31

C:\Program Files (x86)\Microchip\xc8\v1.45\sources\common\lwdiv.c
		___lwdiv       		CODE           	0242	0000	61

C:\Program Files (x86)\Microchip\xc8\v1.45\sources\common\lwdiv.c estimated size: 61

main.c
		_putch         		CODE           	0194	0000	11
		_read_char     		CODE           	019E	0000	13
		_main          		CODE           	050C	0000	753
		_setup_peripheals		CODE           	020B	0000	56
		_read_line     		CODE           	02E7	0000	117

main.c estimated size: 950

